// Jest Snapshot v1, https://goo.gl/fbAQLP

exports[`renders KnownFacts hidden unchanged 1`] = `<div />`;

exports[`renders KnownFacts visible unchanged 1`] = `
<div
  aria-hidden="true"
  data-base-ui-inert=""
/>
`;

exports[`renders KnownFacts with data unchanged 1`] = `
<div
  aria-hidden="true"
  data-base-ui-inert=""
/>
`;
