// Jest Snapshot v1, https://goo.gl/fbAQLP

exports[`renders AgeVerificationModal unchanged 1`] = `<div />`;

exports[`renders AgeVerificationModal visible unchanged 1`] = `
<div
  aria-hidden="true"
  data-base-ui-inert=""
/>
`;

exports[`renders AgeVerificationModal with minAge unchanged 1`] = `
<div
  aria-hidden="true"
  data-base-ui-inert=""
/>
`;
