// Jest Snapshot v1, https://goo.gl/fbAQLP

exports[`renders ChangeMode in instruct mode unchanged 1`] = `
<div>
  <div
    aria-label="widget.instruct"
    class="memori--changeMode-instruct"
    role="radiogroup"
  >
    <button
      class="memori-button memori-button--primary memori-button--md memori--changeMode-instruct-radio-button memori--changeMode-instruct-radio-button--selected"
      tabindex="0"
      type="button"
    >
      <span
        class="memori-button__content"
      >
        widget.instruct
      </span>
    </button>
    <button
      class="memori-button memori-button--outline memori-button--md memori--changeMode-instruct-radio-button"
      tabindex="0"
      type="button"
    >
      <span
        class="memori-button__content"
      >
        widget.test
      </span>
    </button>
  </div>
</div>
`;

exports[`renders ChangeMode in test mode unchanged 1`] = `
<div>
  <div
    aria-label="widget.instruct"
    class="memori--changeMode-instruct"
    role="radiogroup"
  >
    <button
      class="memori-button memori-button--outline memori-button--md memori--changeMode-instruct-radio-button"
      tabindex="0"
      type="button"
    >
      <span
        class="memori-button__content"
      >
        widget.instruct
      </span>
    </button>
    <button
      class="memori-button memori-button--primary memori-button--md memori--changeMode-instruct-radio-button memori--changeMode-instruct-radio-button--selected"
      tabindex="0"
      type="button"
    >
      <span
        class="memori-button__content"
      >
        widget.test
      </span>
    </button>
  </div>
</div>
`;

exports[`renders ChangeMode null if cannot set instruct unchanged 1`] = `<div />`;
