// Jest Snapshot v1, https://goo.gl/fbAQLP

exports[`renders FilePreview unchanged 1`] = `<div />`;

exports[`renders FilePreview with one file 1`] = `
<div>
  <div
    class="memori--preview-container"
  >
    <div
      class="memori--preview-list"
    >
      <div
        class="memori--preview-item memori--preview-item--document"
      >
        <svg
          aria-hidden="true"
          class="memori--preview-icon"
          focusable="false"
          role="img"
          viewBox="0 0 1024 1024"
          xmlns="http://www.w3.org/2000/svg"
        >
          <path
            d="M854.6 288.6L639.4 73.4c-6-6-14.1-9.4-22.6-9.4H192c-17.7 0-32 14.3-32 32v832c0 17.7 14.3 32 32 32h640c17.7 0 32-14.3 32-32V311.3c0-8.5-3.4-16.7-9.4-22.7zM790.2 326H602V137.8L790.2 326zm1.8 562H232V136h302v216a42 42 0 0 0 42 42h216v494z"
          />
        </svg>
        <div
          class="memori--preview-file-info"
        >
          <span
            class="memori--preview-filename"
          >
            test.pdf
          </span>
          <span
            class="memori--preview-filetype"
          >
            PDF
          </span>
        </div>
        <button
          class="memori-button memori-button--rounded memori-button--padded memori-button--icon-only memori-button--danger memori--remove-button "
        >
          <span
            class="memori-button--icon"
          >
            <svg
              aria-hidden="true"
              focusable="false"
              role="img"
              viewBox="0 0 1024 1024"
              xmlns="http://www.w3.org/2000/svg"
            >
              <path
                d="M563.8 512l262.5-312.9c4.4-5.2.7-13.1-6.1-13.1h-79.8c-4.7 0-9.2 2.1-12.3 5.7L511.6 449.8 295.1 191.7c-3-3.6-7.5-5.7-12.3-5.7H203c-6.8 0-10.5 7.9-6.1 13.1L459.4 512 196.9 824.9A7.95 7.95 0 0 0 203 838h79.8c4.7 0 9.2-2.1 12.3-5.7l216.5-258.1 216.5 258.1c3 3.6 7.5 5.7 12.3 5.7h79.8c6.8 0 10.5-7.9 6.1-13.1L563.8 512z"
                fill="currentColor"
                stroke="none"
                stroke-width="0"
              />
            </svg>
          </span>
        </button>
      </div>
    </div>
  </div>
</div>
`;

exports[`renders FilePreview with two files 1`] = `
<div>
  <div
    class="memori--preview-container"
  >
    <div
      class="memori--preview-list"
    >
      <div
        class="memori--preview-item memori--preview-item--document"
      >
        <svg
          aria-hidden="true"
          class="memori--preview-icon"
          focusable="false"
          role="img"
          viewBox="0 0 1024 1024"
          xmlns="http://www.w3.org/2000/svg"
        >
          <path
            d="M854.6 288.6L639.4 73.4c-6-6-14.1-9.4-22.6-9.4H192c-17.7 0-32 14.3-32 32v832c0 17.7 14.3 32 32 32h640c17.7 0 32-14.3 32-32V311.3c0-8.5-3.4-16.7-9.4-22.7zM790.2 326H602V137.8L790.2 326zm1.8 562H232V136h302v216a42 42 0 0 0 42 42h216v494z"
          />
        </svg>
        <div
          class="memori--preview-file-info"
        >
          <span
            class="memori--preview-filename"
          >
            test.pdf
          </span>
          <span
            class="memori--preview-filetype"
          >
            PDF
          </span>
        </div>
        <button
          class="memori-button memori-button--rounded memori-button--padded memori-button--icon-only memori-button--danger memori--remove-button "
        >
          <span
            class="memori-button--icon"
          >
            <svg
              aria-hidden="true"
              focusable="false"
              role="img"
              viewBox="0 0 1024 1024"
              xmlns="http://www.w3.org/2000/svg"
            >
              <path
                d="M563.8 512l262.5-312.9c4.4-5.2.7-13.1-6.1-13.1h-79.8c-4.7 0-9.2 2.1-12.3 5.7L511.6 449.8 295.1 191.7c-3-3.6-7.5-5.7-12.3-5.7H203c-6.8 0-10.5 7.9-6.1 13.1L459.4 512 196.9 824.9A7.95 7.95 0 0 0 203 838h79.8c4.7 0 9.2-2.1 12.3-5.7l216.5-258.1 216.5 258.1c3 3.6 7.5 5.7 12.3 5.7h79.8c6.8 0 10.5-7.9 6.1-13.1L563.8 512z"
                fill="currentColor"
                stroke="none"
                stroke-width="0"
              />
            </svg>
          </span>
        </button>
      </div>
      <div
        class="memori--preview-item memori--preview-item--document"
      >
        <svg
          aria-hidden="true"
          class="memori--preview-icon"
          focusable="false"
          role="img"
          viewBox="0 0 1024 1024"
          xmlns="http://www.w3.org/2000/svg"
        >
          <path
            d="M854.6 288.6L639.4 73.4c-6-6-14.1-9.4-22.6-9.4H192c-17.7 0-32 14.3-32 32v832c0 17.7 14.3 32 32 32h640c17.7 0 32-14.3 32-32V311.3c0-8.5-3.4-16.7-9.4-22.7zM790.2 326H602V137.8L790.2 326zm1.8 562H232V136h302v216a42 42 0 0 0 42 42h216v494z"
          />
        </svg>
        <div
          class="memori--preview-file-info"
        >
          <span
            class="memori--preview-filename"
          >
            test.pdf
          </span>
          <span
            class="memori--preview-filetype"
          >
            PDF
          </span>
        </div>
        <button
          class="memori-button memori-button--rounded memori-button--padded memori-button--icon-only memori-button--danger memori--remove-button "
        >
          <span
            class="memori-button--icon"
          >
            <svg
              aria-hidden="true"
              focusable="false"
              role="img"
              viewBox="0 0 1024 1024"
              xmlns="http://www.w3.org/2000/svg"
            >
              <path
                d="M563.8 512l262.5-312.9c4.4-5.2.7-13.1-6.1-13.1h-79.8c-4.7 0-9.2 2.1-12.3 5.7L511.6 449.8 295.1 191.7c-3-3.6-7.5-5.7-12.3-5.7H203c-6.8 0-10.5 7.9-6.1 13.1L459.4 512 196.9 824.9A7.95 7.95 0 0 0 203 838h79.8c4.7 0 9.2-2.1 12.3-5.7l216.5-258.1 216.5 258.1c3 3.6 7.5 5.7 12.3 5.7h79.8c6.8 0 10.5-7.9 6.1-13.1L563.8 512z"
                fill="currentColor"
                stroke="none"
                stroke-width="0"
              />
            </svg>
          </span>
        </button>
      </div>
    </div>
  </div>
</div>
`;
