// Jest Snapshot v1, https://goo.gl/fbAQLP

exports[`renders FilePreview unchanged 1`] = `<div />`;

exports[`renders FilePreview with one file 1`] = `
<div>
  <div
    class="memori--preview-container"
  >
    <div
      class="memori--preview-list"
    >
      <div
        class="memori--preview-item memori--preview-item--document"
      >
        <svg
          class="lucide lucide-file memori--preview-icon"
          fill="none"
          height="24"
          stroke="currentColor"
          stroke-linecap="round"
          stroke-linejoin="round"
          stroke-width="2"
          viewBox="0 0 24 24"
          width="24"
          xmlns="http://www.w3.org/2000/svg"
        >
          <path
            d="M15 2H6a2 2 0 0 0-2 2v16a2 2 0 0 0 2 2h12a2 2 0 0 0 2-2V7Z"
          />
          <path
            d="M14 2v4a2 2 0 0 0 2 2h4"
          />
        </svg>
        <div
          class="memori--preview-file-info"
        >
          <span
            class="memori--preview-filename"
          >
            test.pdf
          </span>
          <span
            class="memori--preview-filetype"
          >
            PDF
          </span>
        </div>
        <button
          class="memori-button memori-button--rounded memori-button--padded memori-button--icon-only memori-button--danger memori--remove-button"
        >
          <span
            class="memori-button__icon"
          >
            <svg
              class="lucide lucide-x"
              fill="none"
              height="24"
              stroke="currentColor"
              stroke-linecap="round"
              stroke-linejoin="round"
              stroke-width="2"
              viewBox="0 0 24 24"
              width="24"
              xmlns="http://www.w3.org/2000/svg"
            >
              <path
                d="M18 6 6 18"
              />
              <path
                d="m6 6 12 12"
              />
            </svg>
          </span>
        </button>
      </div>
    </div>
  </div>
</div>
`;

exports[`renders FilePreview with two files 1`] = `
<div>
  <div
    class="memori--preview-container"
  >
    <div
      class="memori--preview-list"
    >
      <div
        class="memori--preview-item memori--preview-item--document"
      >
        <svg
          class="lucide lucide-file memori--preview-icon"
          fill="none"
          height="24"
          stroke="currentColor"
          stroke-linecap="round"
          stroke-linejoin="round"
          stroke-width="2"
          viewBox="0 0 24 24"
          width="24"
          xmlns="http://www.w3.org/2000/svg"
        >
          <path
            d="M15 2H6a2 2 0 0 0-2 2v16a2 2 0 0 0 2 2h12a2 2 0 0 0 2-2V7Z"
          />
          <path
            d="M14 2v4a2 2 0 0 0 2 2h4"
          />
        </svg>
        <div
          class="memori--preview-file-info"
        >
          <span
            class="memori--preview-filename"
          >
            test.pdf
          </span>
          <span
            class="memori--preview-filetype"
          >
            PDF
          </span>
        </div>
        <button
          class="memori-button memori-button--rounded memori-button--padded memori-button--icon-only memori-button--danger memori--remove-button"
        >
          <span
            class="memori-button__icon"
          >
            <svg
              class="lucide lucide-x"
              fill="none"
              height="24"
              stroke="currentColor"
              stroke-linecap="round"
              stroke-linejoin="round"
              stroke-width="2"
              viewBox="0 0 24 24"
              width="24"
              xmlns="http://www.w3.org/2000/svg"
            >
              <path
                d="M18 6 6 18"
              />
              <path
                d="m6 6 12 12"
              />
            </svg>
          </span>
        </button>
      </div>
      <div
        class="memori--preview-item memori--preview-item--document"
      >
        <svg
          class="lucide lucide-file memori--preview-icon"
          fill="none"
          height="24"
          stroke="currentColor"
          stroke-linecap="round"
          stroke-linejoin="round"
          stroke-width="2"
          viewBox="0 0 24 24"
          width="24"
          xmlns="http://www.w3.org/2000/svg"
        >
          <path
            d="M15 2H6a2 2 0 0 0-2 2v16a2 2 0 0 0 2 2h12a2 2 0 0 0 2-2V7Z"
          />
          <path
            d="M14 2v4a2 2 0 0 0 2 2h4"
          />
        </svg>
        <div
          class="memori--preview-file-info"
        >
          <span
            class="memori--preview-filename"
          >
            test.pdf
          </span>
          <span
            class="memori--preview-filetype"
          >
            PDF
          </span>
        </div>
        <button
          class="memori-button memori-button--rounded memori-button--padded memori-button--icon-only memori-button--danger memori--remove-button"
        >
          <span
            class="memori-button__icon"
          >
            <svg
              class="lucide lucide-x"
              fill="none"
              height="24"
              stroke="currentColor"
              stroke-linecap="round"
              stroke-linejoin="round"
              stroke-width="2"
              viewBox="0 0 24 24"
              width="24"
              xmlns="http://www.w3.org/2000/svg"
            >
              <path
                d="M18 6 6 18"
              />
              <path
                d="m6 6 12 12"
              />
            </svg>
          </span>
        </button>
      </div>
    </div>
  </div>
</div>
`;
