// Jest Snapshot v1, https://goo.gl/fbAQLP

exports[`renders DateSelector disabled unchanged 1`] = `
<div>
  <div
    class="memori--date-selector"
  >
    <div
      class="memori--date-selector__select"
    >
      <input
        hidden=""
        name="day[ts]"
        readonly=""
        style="position: fixed; top: 1px; left: 1px; width: 1px; height: 0px; padding: 0px; margin: -1px; overflow: hidden; clip: rect(0px, 0px, 0px, 0px); white-space: nowrap; border-width: 0px; display: none;"
        type="hidden"
        value="1663977600000"
      />
      <input
        hidden=""
        name="day[loc][locale]"
        readonly=""
        style="position: fixed; top: 1px; left: 1px; width: 1px; height: 0px; padding: 0px; margin: -1px; overflow: hidden; clip: rect(0px, 0px, 0px, 0px); white-space: nowrap; border-width: 0px; display: none;"
        type="hidden"
        value="en-US"
      />
      <input
        hidden=""
        name="day[loc][numberingSystem]"
        readonly=""
        style="position: fixed; top: 1px; left: 1px; width: 1px; height: 0px; padding: 0px; margin: -1px; overflow: hidden; clip: rect(0px, 0px, 0px, 0px); white-space: nowrap; border-width: 0px; display: none;"
        type="hidden"
        value=""
      />
      <input
        hidden=""
        name="day[loc][outputCalendar]"
        readonly=""
        style="position: fixed; top: 1px; left: 1px; width: 1px; height: 0px; padding: 0px; margin: -1px; overflow: hidden; clip: rect(0px, 0px, 0px, 0px); white-space: nowrap; border-width: 0px; display: none;"
        type="hidden"
        value=""
      />
      <input
        hidden=""
        name="day[loc][weekSettings]"
        readonly=""
        style="position: fixed; top: 1px; left: 1px; width: 1px; height: 0px; padding: 0px; margin: -1px; overflow: hidden; clip: rect(0px, 0px, 0px, 0px); white-space: nowrap; border-width: 0px; display: none;"
        type="hidden"
        value=""
      />
      <input
        hidden=""
        name="day[loc][intl]"
        readonly=""
        style="position: fixed; top: 1px; left: 1px; width: 1px; height: 0px; padding: 0px; margin: -1px; overflow: hidden; clip: rect(0px, 0px, 0px, 0px); white-space: nowrap; border-width: 0px; display: none;"
        type="hidden"
        value="en-US"
      />
      <input
        hidden=""
        name="day[loc][meridiemCache]"
        readonly=""
        style="position: fixed; top: 1px; left: 1px; width: 1px; height: 0px; padding: 0px; margin: -1px; overflow: hidden; clip: rect(0px, 0px, 0px, 0px); white-space: nowrap; border-width: 0px; display: none;"
        type="hidden"
        value=""
      />
      <input
        hidden=""
        name="day[loc][specifiedLocale]"
        readonly=""
        style="position: fixed; top: 1px; left: 1px; width: 1px; height: 0px; padding: 0px; margin: -1px; overflow: hidden; clip: rect(0px, 0px, 0px, 0px); white-space: nowrap; border-width: 0px; display: none;"
        type="hidden"
        value=""
      />
      <input
        hidden=""
        name="day[loc][fastNumbersCached]"
        readonly=""
        style="position: fixed; top: 1px; left: 1px; width: 1px; height: 0px; padding: 0px; margin: -1px; overflow: hidden; clip: rect(0px, 0px, 0px, 0px); white-space: nowrap; border-width: 0px; display: none;"
        type="hidden"
        value=""
      />
      <input
        hidden=""
        name="day[invalid]"
        readonly=""
        style="position: fixed; top: 1px; left: 1px; width: 1px; height: 0px; padding: 0px; margin: -1px; overflow: hidden; clip: rect(0px, 0px, 0px, 0px); white-space: nowrap; border-width: 0px; display: none;"
        type="hidden"
        value=""
      />
      <input
        hidden=""
        name="day[weekData]"
        readonly=""
        style="position: fixed; top: 1px; left: 1px; width: 1px; height: 0px; padding: 0px; margin: -1px; overflow: hidden; clip: rect(0px, 0px, 0px, 0px); white-space: nowrap; border-width: 0px; display: none;"
        type="hidden"
        value=""
      />
      <input
        hidden=""
        name="day[localWeekData]"
        readonly=""
        style="position: fixed; top: 1px; left: 1px; width: 1px; height: 0px; padding: 0px; margin: -1px; overflow: hidden; clip: rect(0px, 0px, 0px, 0px); white-space: nowrap; border-width: 0px; display: none;"
        type="hidden"
        value=""
      />
      <input
        hidden=""
        name="day[c][year]"
        readonly=""
        style="position: fixed; top: 1px; left: 1px; width: 1px; height: 0px; padding: 0px; margin: -1px; overflow: hidden; clip: rect(0px, 0px, 0px, 0px); white-space: nowrap; border-width: 0px; display: none;"
        type="hidden"
        value="2022"
      />
      <input
        hidden=""
        name="day[c][month]"
        readonly=""
        style="position: fixed; top: 1px; left: 1px; width: 1px; height: 0px; padding: 0px; margin: -1px; overflow: hidden; clip: rect(0px, 0px, 0px, 0px); white-space: nowrap; border-width: 0px; display: none;"
        type="hidden"
        value="9"
      />
      <input
        hidden=""
        name="day[c][day]"
        readonly=""
        style="position: fixed; top: 1px; left: 1px; width: 1px; height: 0px; padding: 0px; margin: -1px; overflow: hidden; clip: rect(0px, 0px, 0px, 0px); white-space: nowrap; border-width: 0px; display: none;"
        type="hidden"
        value="24"
      />
      <input
        hidden=""
        name="day[c][hour]"
        readonly=""
        style="position: fixed; top: 1px; left: 1px; width: 1px; height: 0px; padding: 0px; margin: -1px; overflow: hidden; clip: rect(0px, 0px, 0px, 0px); white-space: nowrap; border-width: 0px; display: none;"
        type="hidden"
        value="0"
      />
      <input
        hidden=""
        name="day[c][minute]"
        readonly=""
        style="position: fixed; top: 1px; left: 1px; width: 1px; height: 0px; padding: 0px; margin: -1px; overflow: hidden; clip: rect(0px, 0px, 0px, 0px); white-space: nowrap; border-width: 0px; display: none;"
        type="hidden"
        value="0"
      />
      <input
        hidden=""
        name="day[c][second]"
        readonly=""
        style="position: fixed; top: 1px; left: 1px; width: 1px; height: 0px; padding: 0px; margin: -1px; overflow: hidden; clip: rect(0px, 0px, 0px, 0px); white-space: nowrap; border-width: 0px; display: none;"
        type="hidden"
        value="0"
      />
      <input
        hidden=""
        name="day[c][millisecond]"
        readonly=""
        style="position: fixed; top: 1px; left: 1px; width: 1px; height: 0px; padding: 0px; margin: -1px; overflow: hidden; clip: rect(0px, 0px, 0px, 0px); white-space: nowrap; border-width: 0px; display: none;"
        type="hidden"
        value="0"
      />
      <input
        hidden=""
        name="day[o]"
        readonly=""
        style="position: fixed; top: 1px; left: 1px; width: 1px; height: 0px; padding: 0px; margin: -1px; overflow: hidden; clip: rect(0px, 0px, 0px, 0px); white-space: nowrap; border-width: 0px; display: none;"
        type="hidden"
        value="0"
      />
      <input
        hidden=""
        name="day[isLuxonDateTime]"
        readonly=""
        style="position: fixed; top: 1px; left: 1px; width: 1px; height: 0px; padding: 0px; margin: -1px; overflow: hidden; clip: rect(0px, 0px, 0px, 0px); white-space: nowrap; border-width: 0px; display: none;"
        type="hidden"
        value="1"
      />
      <label
        class="memori--date-selector__select-label"
        data-headlessui-state="disabled"
        id="headlessui-listbox-label-:rc:"
      >
        day
        :
      </label>
      <button
        aria-haspopup="true"
        aria-label="day"
        aria-labelledby="headlessui-listbox-label-:rc: headlessui-listbox-button-:rd:"
        class="memori--date-selector__select-button"
        data-headlessui-state="disabled"
        disabled=""
        id="headlessui-listbox-button-:rd:"
        type="button"
      >
        <span
          class="memori--date-selector__select--value"
        >
          24
        </span>
        <span
          class="memori--date-selector__select--icon"
        >
          <svg
            aria-hidden="true"
            fill="currentColor"
            focusable="false"
            role="img"
            viewBox="0 0 20 20"
            xmlns="http://www.w3.org/2000/svg"
          >
            <path
              clip-rule="evenodd"
              d="M10 3a.75.75 0 01.55.24l3.25 3.5a.75.75 0 11-1.1 1.02L10 4.852 7.3 7.76a.75.75 0 01-1.1-1.02l3.25-3.5A.75.75 0 0110 3zm-3.76 9.2a.75.75 0 011.06.04l2.7 2.908 2.7-2.908a.75.75 0 111.1 1.02l-3.25 3.5a.75.75 0 01-1.1 0l-3.25-3.5a.75.75 0 01.04-1.06z"
              fill-rule="evenodd"
            />
          </svg>
        </span>
      </button>
    </div>
    <div
      class="memori--date-selector__select"
    >
      <input
        hidden=""
        name="month[ts]"
        readonly=""
        style="position: fixed; top: 1px; left: 1px; width: 1px; height: 0px; padding: 0px; margin: -1px; overflow: hidden; clip: rect(0px, 0px, 0px, 0px); white-space: nowrap; border-width: 0px; display: none;"
        type="hidden"
        value="1663977600000"
      />
      <input
        hidden=""
        name="month[loc][locale]"
        readonly=""
        style="position: fixed; top: 1px; left: 1px; width: 1px; height: 0px; padding: 0px; margin: -1px; overflow: hidden; clip: rect(0px, 0px, 0px, 0px); white-space: nowrap; border-width: 0px; display: none;"
        type="hidden"
        value="en-US"
      />
      <input
        hidden=""
        name="month[loc][numberingSystem]"
        readonly=""
        style="position: fixed; top: 1px; left: 1px; width: 1px; height: 0px; padding: 0px; margin: -1px; overflow: hidden; clip: rect(0px, 0px, 0px, 0px); white-space: nowrap; border-width: 0px; display: none;"
        type="hidden"
        value=""
      />
      <input
        hidden=""
        name="month[loc][outputCalendar]"
        readonly=""
        style="position: fixed; top: 1px; left: 1px; width: 1px; height: 0px; padding: 0px; margin: -1px; overflow: hidden; clip: rect(0px, 0px, 0px, 0px); white-space: nowrap; border-width: 0px; display: none;"
        type="hidden"
        value=""
      />
      <input
        hidden=""
        name="month[loc][weekSettings]"
        readonly=""
        style="position: fixed; top: 1px; left: 1px; width: 1px; height: 0px; padding: 0px; margin: -1px; overflow: hidden; clip: rect(0px, 0px, 0px, 0px); white-space: nowrap; border-width: 0px; display: none;"
        type="hidden"
        value=""
      />
      <input
        hidden=""
        name="month[loc][intl]"
        readonly=""
        style="position: fixed; top: 1px; left: 1px; width: 1px; height: 0px; padding: 0px; margin: -1px; overflow: hidden; clip: rect(0px, 0px, 0px, 0px); white-space: nowrap; border-width: 0px; display: none;"
        type="hidden"
        value="en-US"
      />
      <input
        hidden=""
        name="month[loc][meridiemCache]"
        readonly=""
        style="position: fixed; top: 1px; left: 1px; width: 1px; height: 0px; padding: 0px; margin: -1px; overflow: hidden; clip: rect(0px, 0px, 0px, 0px); white-space: nowrap; border-width: 0px; display: none;"
        type="hidden"
        value=""
      />
      <input
        hidden=""
        name="month[loc][specifiedLocale]"
        readonly=""
        style="position: fixed; top: 1px; left: 1px; width: 1px; height: 0px; padding: 0px; margin: -1px; overflow: hidden; clip: rect(0px, 0px, 0px, 0px); white-space: nowrap; border-width: 0px; display: none;"
        type="hidden"
        value=""
      />
      <input
        hidden=""
        name="month[loc][fastNumbersCached]"
        readonly=""
        style="position: fixed; top: 1px; left: 1px; width: 1px; height: 0px; padding: 0px; margin: -1px; overflow: hidden; clip: rect(0px, 0px, 0px, 0px); white-space: nowrap; border-width: 0px; display: none;"
        type="hidden"
        value=""
      />
      <input
        hidden=""
        name="month[invalid]"
        readonly=""
        style="position: fixed; top: 1px; left: 1px; width: 1px; height: 0px; padding: 0px; margin: -1px; overflow: hidden; clip: rect(0px, 0px, 0px, 0px); white-space: nowrap; border-width: 0px; display: none;"
        type="hidden"
        value=""
      />
      <input
        hidden=""
        name="month[weekData]"
        readonly=""
        style="position: fixed; top: 1px; left: 1px; width: 1px; height: 0px; padding: 0px; margin: -1px; overflow: hidden; clip: rect(0px, 0px, 0px, 0px); white-space: nowrap; border-width: 0px; display: none;"
        type="hidden"
        value=""
      />
      <input
        hidden=""
        name="month[localWeekData]"
        readonly=""
        style="position: fixed; top: 1px; left: 1px; width: 1px; height: 0px; padding: 0px; margin: -1px; overflow: hidden; clip: rect(0px, 0px, 0px, 0px); white-space: nowrap; border-width: 0px; display: none;"
        type="hidden"
        value=""
      />
      <input
        hidden=""
        name="month[c][year]"
        readonly=""
        style="position: fixed; top: 1px; left: 1px; width: 1px; height: 0px; padding: 0px; margin: -1px; overflow: hidden; clip: rect(0px, 0px, 0px, 0px); white-space: nowrap; border-width: 0px; display: none;"
        type="hidden"
        value="2022"
      />
      <input
        hidden=""
        name="month[c][month]"
        readonly=""
        style="position: fixed; top: 1px; left: 1px; width: 1px; height: 0px; padding: 0px; margin: -1px; overflow: hidden; clip: rect(0px, 0px, 0px, 0px); white-space: nowrap; border-width: 0px; display: none;"
        type="hidden"
        value="9"
      />
      <input
        hidden=""
        name="month[c][day]"
        readonly=""
        style="position: fixed; top: 1px; left: 1px; width: 1px; height: 0px; padding: 0px; margin: -1px; overflow: hidden; clip: rect(0px, 0px, 0px, 0px); white-space: nowrap; border-width: 0px; display: none;"
        type="hidden"
        value="24"
      />
      <input
        hidden=""
        name="month[c][hour]"
        readonly=""
        style="position: fixed; top: 1px; left: 1px; width: 1px; height: 0px; padding: 0px; margin: -1px; overflow: hidden; clip: rect(0px, 0px, 0px, 0px); white-space: nowrap; border-width: 0px; display: none;"
        type="hidden"
        value="0"
      />
      <input
        hidden=""
        name="month[c][minute]"
        readonly=""
        style="position: fixed; top: 1px; left: 1px; width: 1px; height: 0px; padding: 0px; margin: -1px; overflow: hidden; clip: rect(0px, 0px, 0px, 0px); white-space: nowrap; border-width: 0px; display: none;"
        type="hidden"
        value="0"
      />
      <input
        hidden=""
        name="month[c][second]"
        readonly=""
        style="position: fixed; top: 1px; left: 1px; width: 1px; height: 0px; padding: 0px; margin: -1px; overflow: hidden; clip: rect(0px, 0px, 0px, 0px); white-space: nowrap; border-width: 0px; display: none;"
        type="hidden"
        value="0"
      />
      <input
        hidden=""
        name="month[c][millisecond]"
        readonly=""
        style="position: fixed; top: 1px; left: 1px; width: 1px; height: 0px; padding: 0px; margin: -1px; overflow: hidden; clip: rect(0px, 0px, 0px, 0px); white-space: nowrap; border-width: 0px; display: none;"
        type="hidden"
        value="0"
      />
      <input
        hidden=""
        name="month[o]"
        readonly=""
        style="position: fixed; top: 1px; left: 1px; width: 1px; height: 0px; padding: 0px; margin: -1px; overflow: hidden; clip: rect(0px, 0px, 0px, 0px); white-space: nowrap; border-width: 0px; display: none;"
        type="hidden"
        value="0"
      />
      <input
        hidden=""
        name="month[isLuxonDateTime]"
        readonly=""
        style="position: fixed; top: 1px; left: 1px; width: 1px; height: 0px; padding: 0px; margin: -1px; overflow: hidden; clip: rect(0px, 0px, 0px, 0px); white-space: nowrap; border-width: 0px; display: none;"
        type="hidden"
        value="1"
      />
      <label
        class="memori--date-selector__select-label"
        data-headlessui-state="disabled"
        id="headlessui-listbox-label-:re:"
      >
        month
        :
      </label>
      <button
        aria-haspopup="true"
        aria-label="month"
        aria-labelledby="headlessui-listbox-label-:re: headlessui-listbox-button-:rf:"
        class="memori--date-selector__select-button"
        data-headlessui-state="disabled"
        disabled=""
        id="headlessui-listbox-button-:rf:"
        type="button"
      >
        <span
          class="memori--date-selector__select--value"
        >
          September
        </span>
        <span
          class="memori--date-selector__select--icon"
        >
          <svg
            aria-hidden="true"
            fill="currentColor"
            focusable="false"
            role="img"
            viewBox="0 0 20 20"
            xmlns="http://www.w3.org/2000/svg"
          >
            <path
              clip-rule="evenodd"
              d="M10 3a.75.75 0 01.55.24l3.25 3.5a.75.75 0 11-1.1 1.02L10 4.852 7.3 7.76a.75.75 0 01-1.1-1.02l3.25-3.5A.75.75 0 0110 3zm-3.76 9.2a.75.75 0 011.06.04l2.7 2.908 2.7-2.908a.75.75 0 111.1 1.02l-3.25 3.5a.75.75 0 01-1.1 0l-3.25-3.5a.75.75 0 01.04-1.06z"
              fill-rule="evenodd"
            />
          </svg>
        </span>
      </button>
    </div>
    <div
      class="memori--date-selector__select"
    >
      <input
        hidden=""
        name="year[ts]"
        readonly=""
        style="position: fixed; top: 1px; left: 1px; width: 1px; height: 0px; padding: 0px; margin: -1px; overflow: hidden; clip: rect(0px, 0px, 0px, 0px); white-space: nowrap; border-width: 0px; display: none;"
        type="hidden"
        value="1663977600000"
      />
      <input
        hidden=""
        name="year[loc][locale]"
        readonly=""
        style="position: fixed; top: 1px; left: 1px; width: 1px; height: 0px; padding: 0px; margin: -1px; overflow: hidden; clip: rect(0px, 0px, 0px, 0px); white-space: nowrap; border-width: 0px; display: none;"
        type="hidden"
        value="en-US"
      />
      <input
        hidden=""
        name="year[loc][numberingSystem]"
        readonly=""
        style="position: fixed; top: 1px; left: 1px; width: 1px; height: 0px; padding: 0px; margin: -1px; overflow: hidden; clip: rect(0px, 0px, 0px, 0px); white-space: nowrap; border-width: 0px; display: none;"
        type="hidden"
        value=""
      />
      <input
        hidden=""
        name="year[loc][outputCalendar]"
        readonly=""
        style="position: fixed; top: 1px; left: 1px; width: 1px; height: 0px; padding: 0px; margin: -1px; overflow: hidden; clip: rect(0px, 0px, 0px, 0px); white-space: nowrap; border-width: 0px; display: none;"
        type="hidden"
        value=""
      />
      <input
        hidden=""
        name="year[loc][weekSettings]"
        readonly=""
        style="position: fixed; top: 1px; left: 1px; width: 1px; height: 0px; padding: 0px; margin: -1px; overflow: hidden; clip: rect(0px, 0px, 0px, 0px); white-space: nowrap; border-width: 0px; display: none;"
        type="hidden"
        value=""
      />
      <input
        hidden=""
        name="year[loc][intl]"
        readonly=""
        style="position: fixed; top: 1px; left: 1px; width: 1px; height: 0px; padding: 0px; margin: -1px; overflow: hidden; clip: rect(0px, 0px, 0px, 0px); white-space: nowrap; border-width: 0px; display: none;"
        type="hidden"
        value="en-US"
      />
      <input
        hidden=""
        name="year[loc][meridiemCache]"
        readonly=""
        style="position: fixed; top: 1px; left: 1px; width: 1px; height: 0px; padding: 0px; margin: -1px; overflow: hidden; clip: rect(0px, 0px, 0px, 0px); white-space: nowrap; border-width: 0px; display: none;"
        type="hidden"
        value=""
      />
      <input
        hidden=""
        name="year[loc][specifiedLocale]"
        readonly=""
        style="position: fixed; top: 1px; left: 1px; width: 1px; height: 0px; padding: 0px; margin: -1px; overflow: hidden; clip: rect(0px, 0px, 0px, 0px); white-space: nowrap; border-width: 0px; display: none;"
        type="hidden"
        value=""
      />
      <input
        hidden=""
        name="year[loc][fastNumbersCached]"
        readonly=""
        style="position: fixed; top: 1px; left: 1px; width: 1px; height: 0px; padding: 0px; margin: -1px; overflow: hidden; clip: rect(0px, 0px, 0px, 0px); white-space: nowrap; border-width: 0px; display: none;"
        type="hidden"
        value=""
      />
      <input
        hidden=""
        name="year[invalid]"
        readonly=""
        style="position: fixed; top: 1px; left: 1px; width: 1px; height: 0px; padding: 0px; margin: -1px; overflow: hidden; clip: rect(0px, 0px, 0px, 0px); white-space: nowrap; border-width: 0px; display: none;"
        type="hidden"
        value=""
      />
      <input
        hidden=""
        name="year[weekData]"
        readonly=""
        style="position: fixed; top: 1px; left: 1px; width: 1px; height: 0px; padding: 0px; margin: -1px; overflow: hidden; clip: rect(0px, 0px, 0px, 0px); white-space: nowrap; border-width: 0px; display: none;"
        type="hidden"
        value=""
      />
      <input
        hidden=""
        name="year[localWeekData]"
        readonly=""
        style="position: fixed; top: 1px; left: 1px; width: 1px; height: 0px; padding: 0px; margin: -1px; overflow: hidden; clip: rect(0px, 0px, 0px, 0px); white-space: nowrap; border-width: 0px; display: none;"
        type="hidden"
        value=""
      />
      <input
        hidden=""
        name="year[c][year]"
        readonly=""
        style="position: fixed; top: 1px; left: 1px; width: 1px; height: 0px; padding: 0px; margin: -1px; overflow: hidden; clip: rect(0px, 0px, 0px, 0px); white-space: nowrap; border-width: 0px; display: none;"
        type="hidden"
        value="2022"
      />
      <input
        hidden=""
        name="year[c][month]"
        readonly=""
        style="position: fixed; top: 1px; left: 1px; width: 1px; height: 0px; padding: 0px; margin: -1px; overflow: hidden; clip: rect(0px, 0px, 0px, 0px); white-space: nowrap; border-width: 0px; display: none;"
        type="hidden"
        value="9"
      />
      <input
        hidden=""
        name="year[c][day]"
        readonly=""
        style="position: fixed; top: 1px; left: 1px; width: 1px; height: 0px; padding: 0px; margin: -1px; overflow: hidden; clip: rect(0px, 0px, 0px, 0px); white-space: nowrap; border-width: 0px; display: none;"
        type="hidden"
        value="24"
      />
      <input
        hidden=""
        name="year[c][hour]"
        readonly=""
        style="position: fixed; top: 1px; left: 1px; width: 1px; height: 0px; padding: 0px; margin: -1px; overflow: hidden; clip: rect(0px, 0px, 0px, 0px); white-space: nowrap; border-width: 0px; display: none;"
        type="hidden"
        value="0"
      />
      <input
        hidden=""
        name="year[c][minute]"
        readonly=""
        style="position: fixed; top: 1px; left: 1px; width: 1px; height: 0px; padding: 0px; margin: -1px; overflow: hidden; clip: rect(0px, 0px, 0px, 0px); white-space: nowrap; border-width: 0px; display: none;"
        type="hidden"
        value="0"
      />
      <input
        hidden=""
        name="year[c][second]"
        readonly=""
        style="position: fixed; top: 1px; left: 1px; width: 1px; height: 0px; padding: 0px; margin: -1px; overflow: hidden; clip: rect(0px, 0px, 0px, 0px); white-space: nowrap; border-width: 0px; display: none;"
        type="hidden"
        value="0"
      />
      <input
        hidden=""
        name="year[c][millisecond]"
        readonly=""
        style="position: fixed; top: 1px; left: 1px; width: 1px; height: 0px; padding: 0px; margin: -1px; overflow: hidden; clip: rect(0px, 0px, 0px, 0px); white-space: nowrap; border-width: 0px; display: none;"
        type="hidden"
        value="0"
      />
      <input
        hidden=""
        name="year[o]"
        readonly=""
        style="position: fixed; top: 1px; left: 1px; width: 1px; height: 0px; padding: 0px; margin: -1px; overflow: hidden; clip: rect(0px, 0px, 0px, 0px); white-space: nowrap; border-width: 0px; display: none;"
        type="hidden"
        value="0"
      />
      <input
        hidden=""
        name="year[isLuxonDateTime]"
        readonly=""
        style="position: fixed; top: 1px; left: 1px; width: 1px; height: 0px; padding: 0px; margin: -1px; overflow: hidden; clip: rect(0px, 0px, 0px, 0px); white-space: nowrap; border-width: 0px; display: none;"
        type="hidden"
        value="1"
      />
      <label
        class="memori--date-selector__select-label"
        data-headlessui-state="disabled"
        id="headlessui-listbox-label-:rg:"
      >
        year
        :
      </label>
      <button
        aria-haspopup="true"
        aria-label="year"
        aria-labelledby="headlessui-listbox-label-:rg: headlessui-listbox-button-:rh:"
        class="memori--date-selector__select-button"
        data-headlessui-state="disabled"
        disabled=""
        id="headlessui-listbox-button-:rh:"
        type="button"
      >
        <span
          class="memori--date-selector__select--value"
        >
          2022
        </span>
        <span
          class="memori--date-selector__select--icon"
        >
          <svg
            aria-hidden="true"
            fill="currentColor"
            focusable="false"
            role="img"
            viewBox="0 0 20 20"
            xmlns="http://www.w3.org/2000/svg"
          >
            <path
              clip-rule="evenodd"
              d="M10 3a.75.75 0 01.55.24l3.25 3.5a.75.75 0 11-1.1 1.02L10 4.852 7.3 7.76a.75.75 0 01-1.1-1.02l3.25-3.5A.75.75 0 0110 3zm-3.76 9.2a.75.75 0 011.06.04l2.7 2.908 2.7-2.908a.75.75 0 111.1 1.02l-3.25 3.5a.75.75 0 01-1.1 0l-3.25-3.5a.75.75 0 01.04-1.06z"
              fill-rule="evenodd"
            />
          </svg>
        </span>
      </button>
    </div>
  </div>
</div>
`;

exports[`renders DateSelector unchanged 1`] = `
<div>
  <div
    class="memori--date-selector"
  >
    <div
      class="memori--date-selector__select"
    >
      <input
        hidden=""
        name="day[ts]"
        readonly=""
        style="position: fixed; top: 1px; left: 1px; width: 1px; height: 0px; padding: 0px; margin: -1px; overflow: hidden; clip: rect(0px, 0px, 0px, 0px); white-space: nowrap; border-width: 0px; display: none;"
        type="hidden"
        value="1663977600000"
      />
      <input
        hidden=""
        name="day[loc][locale]"
        readonly=""
        style="position: fixed; top: 1px; left: 1px; width: 1px; height: 0px; padding: 0px; margin: -1px; overflow: hidden; clip: rect(0px, 0px, 0px, 0px); white-space: nowrap; border-width: 0px; display: none;"
        type="hidden"
        value="en-US"
      />
      <input
        hidden=""
        name="day[loc][numberingSystem]"
        readonly=""
        style="position: fixed; top: 1px; left: 1px; width: 1px; height: 0px; padding: 0px; margin: -1px; overflow: hidden; clip: rect(0px, 0px, 0px, 0px); white-space: nowrap; border-width: 0px; display: none;"
        type="hidden"
        value=""
      />
      <input
        hidden=""
        name="day[loc][outputCalendar]"
        readonly=""
        style="position: fixed; top: 1px; left: 1px; width: 1px; height: 0px; padding: 0px; margin: -1px; overflow: hidden; clip: rect(0px, 0px, 0px, 0px); white-space: nowrap; border-width: 0px; display: none;"
        type="hidden"
        value=""
      />
      <input
        hidden=""
        name="day[loc][weekSettings]"
        readonly=""
        style="position: fixed; top: 1px; left: 1px; width: 1px; height: 0px; padding: 0px; margin: -1px; overflow: hidden; clip: rect(0px, 0px, 0px, 0px); white-space: nowrap; border-width: 0px; display: none;"
        type="hidden"
        value=""
      />
      <input
        hidden=""
        name="day[loc][intl]"
        readonly=""
        style="position: fixed; top: 1px; left: 1px; width: 1px; height: 0px; padding: 0px; margin: -1px; overflow: hidden; clip: rect(0px, 0px, 0px, 0px); white-space: nowrap; border-width: 0px; display: none;"
        type="hidden"
        value="en-US"
      />
      <input
        hidden=""
        name="day[loc][meridiemCache]"
        readonly=""
        style="position: fixed; top: 1px; left: 1px; width: 1px; height: 0px; padding: 0px; margin: -1px; overflow: hidden; clip: rect(0px, 0px, 0px, 0px); white-space: nowrap; border-width: 0px; display: none;"
        type="hidden"
        value=""
      />
      <input
        hidden=""
        name="day[loc][specifiedLocale]"
        readonly=""
        style="position: fixed; top: 1px; left: 1px; width: 1px; height: 0px; padding: 0px; margin: -1px; overflow: hidden; clip: rect(0px, 0px, 0px, 0px); white-space: nowrap; border-width: 0px; display: none;"
        type="hidden"
        value=""
      />
      <input
        hidden=""
        name="day[loc][fastNumbersCached]"
        readonly=""
        style="position: fixed; top: 1px; left: 1px; width: 1px; height: 0px; padding: 0px; margin: -1px; overflow: hidden; clip: rect(0px, 0px, 0px, 0px); white-space: nowrap; border-width: 0px; display: none;"
        type="hidden"
        value=""
      />
      <input
        hidden=""
        name="day[invalid]"
        readonly=""
        style="position: fixed; top: 1px; left: 1px; width: 1px; height: 0px; padding: 0px; margin: -1px; overflow: hidden; clip: rect(0px, 0px, 0px, 0px); white-space: nowrap; border-width: 0px; display: none;"
        type="hidden"
        value=""
      />
      <input
        hidden=""
        name="day[weekData]"
        readonly=""
        style="position: fixed; top: 1px; left: 1px; width: 1px; height: 0px; padding: 0px; margin: -1px; overflow: hidden; clip: rect(0px, 0px, 0px, 0px); white-space: nowrap; border-width: 0px; display: none;"
        type="hidden"
        value=""
      />
      <input
        hidden=""
        name="day[localWeekData]"
        readonly=""
        style="position: fixed; top: 1px; left: 1px; width: 1px; height: 0px; padding: 0px; margin: -1px; overflow: hidden; clip: rect(0px, 0px, 0px, 0px); white-space: nowrap; border-width: 0px; display: none;"
        type="hidden"
        value=""
      />
      <input
        hidden=""
        name="day[c][year]"
        readonly=""
        style="position: fixed; top: 1px; left: 1px; width: 1px; height: 0px; padding: 0px; margin: -1px; overflow: hidden; clip: rect(0px, 0px, 0px, 0px); white-space: nowrap; border-width: 0px; display: none;"
        type="hidden"
        value="2022"
      />
      <input
        hidden=""
        name="day[c][month]"
        readonly=""
        style="position: fixed; top: 1px; left: 1px; width: 1px; height: 0px; padding: 0px; margin: -1px; overflow: hidden; clip: rect(0px, 0px, 0px, 0px); white-space: nowrap; border-width: 0px; display: none;"
        type="hidden"
        value="9"
      />
      <input
        hidden=""
        name="day[c][day]"
        readonly=""
        style="position: fixed; top: 1px; left: 1px; width: 1px; height: 0px; padding: 0px; margin: -1px; overflow: hidden; clip: rect(0px, 0px, 0px, 0px); white-space: nowrap; border-width: 0px; display: none;"
        type="hidden"
        value="24"
      />
      <input
        hidden=""
        name="day[c][hour]"
        readonly=""
        style="position: fixed; top: 1px; left: 1px; width: 1px; height: 0px; padding: 0px; margin: -1px; overflow: hidden; clip: rect(0px, 0px, 0px, 0px); white-space: nowrap; border-width: 0px; display: none;"
        type="hidden"
        value="0"
      />
      <input
        hidden=""
        name="day[c][minute]"
        readonly=""
        style="position: fixed; top: 1px; left: 1px; width: 1px; height: 0px; padding: 0px; margin: -1px; overflow: hidden; clip: rect(0px, 0px, 0px, 0px); white-space: nowrap; border-width: 0px; display: none;"
        type="hidden"
        value="0"
      />
      <input
        hidden=""
        name="day[c][second]"
        readonly=""
        style="position: fixed; top: 1px; left: 1px; width: 1px; height: 0px; padding: 0px; margin: -1px; overflow: hidden; clip: rect(0px, 0px, 0px, 0px); white-space: nowrap; border-width: 0px; display: none;"
        type="hidden"
        value="0"
      />
      <input
        hidden=""
        name="day[c][millisecond]"
        readonly=""
        style="position: fixed; top: 1px; left: 1px; width: 1px; height: 0px; padding: 0px; margin: -1px; overflow: hidden; clip: rect(0px, 0px, 0px, 0px); white-space: nowrap; border-width: 0px; display: none;"
        type="hidden"
        value="0"
      />
      <input
        hidden=""
        name="day[o]"
        readonly=""
        style="position: fixed; top: 1px; left: 1px; width: 1px; height: 0px; padding: 0px; margin: -1px; overflow: hidden; clip: rect(0px, 0px, 0px, 0px); white-space: nowrap; border-width: 0px; display: none;"
        type="hidden"
        value="0"
      />
      <input
        hidden=""
        name="day[isLuxonDateTime]"
        readonly=""
        style="position: fixed; top: 1px; left: 1px; width: 1px; height: 0px; padding: 0px; margin: -1px; overflow: hidden; clip: rect(0px, 0px, 0px, 0px); white-space: nowrap; border-width: 0px; display: none;"
        type="hidden"
        value="1"
      />
      <label
        class="memori--date-selector__select-label"
        data-headlessui-state=""
        id="headlessui-listbox-label-:r0:"
      >
        day
        :
      </label>
      <button
        aria-expanded="false"
        aria-haspopup="true"
        aria-label="day"
        aria-labelledby="headlessui-listbox-label-:r0: headlessui-listbox-button-:r1:"
        class="memori--date-selector__select-button"
        data-headlessui-state=""
        id="headlessui-listbox-button-:r1:"
        type="button"
      >
        <span
          class="memori--date-selector__select--value"
        >
          24
        </span>
        <span
          class="memori--date-selector__select--icon"
        >
          <svg
            aria-hidden="true"
            fill="currentColor"
            focusable="false"
            role="img"
            viewBox="0 0 20 20"
            xmlns="http://www.w3.org/2000/svg"
          >
            <path
              clip-rule="evenodd"
              d="M10 3a.75.75 0 01.55.24l3.25 3.5a.75.75 0 11-1.1 1.02L10 4.852 7.3 7.76a.75.75 0 01-1.1-1.02l3.25-3.5A.75.75 0 0110 3zm-3.76 9.2a.75.75 0 011.06.04l2.7 2.908 2.7-2.908a.75.75 0 111.1 1.02l-3.25 3.5a.75.75 0 01-1.1 0l-3.25-3.5a.75.75 0 01.04-1.06z"
              fill-rule="evenodd"
            />
          </svg>
        </span>
      </button>
    </div>
    <div
      class="memori--date-selector__select"
    >
      <input
        hidden=""
        name="month[ts]"
        readonly=""
        style="position: fixed; top: 1px; left: 1px; width: 1px; height: 0px; padding: 0px; margin: -1px; overflow: hidden; clip: rect(0px, 0px, 0px, 0px); white-space: nowrap; border-width: 0px; display: none;"
        type="hidden"
        value="1663977600000"
      />
      <input
        hidden=""
        name="month[loc][locale]"
        readonly=""
        style="position: fixed; top: 1px; left: 1px; width: 1px; height: 0px; padding: 0px; margin: -1px; overflow: hidden; clip: rect(0px, 0px, 0px, 0px); white-space: nowrap; border-width: 0px; display: none;"
        type="hidden"
        value="en-US"
      />
      <input
        hidden=""
        name="month[loc][numberingSystem]"
        readonly=""
        style="position: fixed; top: 1px; left: 1px; width: 1px; height: 0px; padding: 0px; margin: -1px; overflow: hidden; clip: rect(0px, 0px, 0px, 0px); white-space: nowrap; border-width: 0px; display: none;"
        type="hidden"
        value=""
      />
      <input
        hidden=""
        name="month[loc][outputCalendar]"
        readonly=""
        style="position: fixed; top: 1px; left: 1px; width: 1px; height: 0px; padding: 0px; margin: -1px; overflow: hidden; clip: rect(0px, 0px, 0px, 0px); white-space: nowrap; border-width: 0px; display: none;"
        type="hidden"
        value=""
      />
      <input
        hidden=""
        name="month[loc][weekSettings]"
        readonly=""
        style="position: fixed; top: 1px; left: 1px; width: 1px; height: 0px; padding: 0px; margin: -1px; overflow: hidden; clip: rect(0px, 0px, 0px, 0px); white-space: nowrap; border-width: 0px; display: none;"
        type="hidden"
        value=""
      />
      <input
        hidden=""
        name="month[loc][intl]"
        readonly=""
        style="position: fixed; top: 1px; left: 1px; width: 1px; height: 0px; padding: 0px; margin: -1px; overflow: hidden; clip: rect(0px, 0px, 0px, 0px); white-space: nowrap; border-width: 0px; display: none;"
        type="hidden"
        value="en-US"
      />
      <input
        hidden=""
        name="month[loc][meridiemCache]"
        readonly=""
        style="position: fixed; top: 1px; left: 1px; width: 1px; height: 0px; padding: 0px; margin: -1px; overflow: hidden; clip: rect(0px, 0px, 0px, 0px); white-space: nowrap; border-width: 0px; display: none;"
        type="hidden"
        value=""
      />
      <input
        hidden=""
        name="month[loc][specifiedLocale]"
        readonly=""
        style="position: fixed; top: 1px; left: 1px; width: 1px; height: 0px; padding: 0px; margin: -1px; overflow: hidden; clip: rect(0px, 0px, 0px, 0px); white-space: nowrap; border-width: 0px; display: none;"
        type="hidden"
        value=""
      />
      <input
        hidden=""
        name="month[loc][fastNumbersCached]"
        readonly=""
        style="position: fixed; top: 1px; left: 1px; width: 1px; height: 0px; padding: 0px; margin: -1px; overflow: hidden; clip: rect(0px, 0px, 0px, 0px); white-space: nowrap; border-width: 0px; display: none;"
        type="hidden"
        value=""
      />
      <input
        hidden=""
        name="month[invalid]"
        readonly=""
        style="position: fixed; top: 1px; left: 1px; width: 1px; height: 0px; padding: 0px; margin: -1px; overflow: hidden; clip: rect(0px, 0px, 0px, 0px); white-space: nowrap; border-width: 0px; display: none;"
        type="hidden"
        value=""
      />
      <input
        hidden=""
        name="month[weekData]"
        readonly=""
        style="position: fixed; top: 1px; left: 1px; width: 1px; height: 0px; padding: 0px; margin: -1px; overflow: hidden; clip: rect(0px, 0px, 0px, 0px); white-space: nowrap; border-width: 0px; display: none;"
        type="hidden"
        value=""
      />
      <input
        hidden=""
        name="month[localWeekData]"
        readonly=""
        style="position: fixed; top: 1px; left: 1px; width: 1px; height: 0px; padding: 0px; margin: -1px; overflow: hidden; clip: rect(0px, 0px, 0px, 0px); white-space: nowrap; border-width: 0px; display: none;"
        type="hidden"
        value=""
      />
      <input
        hidden=""
        name="month[c][year]"
        readonly=""
        style="position: fixed; top: 1px; left: 1px; width: 1px; height: 0px; padding: 0px; margin: -1px; overflow: hidden; clip: rect(0px, 0px, 0px, 0px); white-space: nowrap; border-width: 0px; display: none;"
        type="hidden"
        value="2022"
      />
      <input
        hidden=""
        name="month[c][month]"
        readonly=""
        style="position: fixed; top: 1px; left: 1px; width: 1px; height: 0px; padding: 0px; margin: -1px; overflow: hidden; clip: rect(0px, 0px, 0px, 0px); white-space: nowrap; border-width: 0px; display: none;"
        type="hidden"
        value="9"
      />
      <input
        hidden=""
        name="month[c][day]"
        readonly=""
        style="position: fixed; top: 1px; left: 1px; width: 1px; height: 0px; padding: 0px; margin: -1px; overflow: hidden; clip: rect(0px, 0px, 0px, 0px); white-space: nowrap; border-width: 0px; display: none;"
        type="hidden"
        value="24"
      />
      <input
        hidden=""
        name="month[c][hour]"
        readonly=""
        style="position: fixed; top: 1px; left: 1px; width: 1px; height: 0px; padding: 0px; margin: -1px; overflow: hidden; clip: rect(0px, 0px, 0px, 0px); white-space: nowrap; border-width: 0px; display: none;"
        type="hidden"
        value="0"
      />
      <input
        hidden=""
        name="month[c][minute]"
        readonly=""
        style="position: fixed; top: 1px; left: 1px; width: 1px; height: 0px; padding: 0px; margin: -1px; overflow: hidden; clip: rect(0px, 0px, 0px, 0px); white-space: nowrap; border-width: 0px; display: none;"
        type="hidden"
        value="0"
      />
      <input
        hidden=""
        name="month[c][second]"
        readonly=""
        style="position: fixed; top: 1px; left: 1px; width: 1px; height: 0px; padding: 0px; margin: -1px; overflow: hidden; clip: rect(0px, 0px, 0px, 0px); white-space: nowrap; border-width: 0px; display: none;"
        type="hidden"
        value="0"
      />
      <input
        hidden=""
        name="month[c][millisecond]"
        readonly=""
        style="position: fixed; top: 1px; left: 1px; width: 1px; height: 0px; padding: 0px; margin: -1px; overflow: hidden; clip: rect(0px, 0px, 0px, 0px); white-space: nowrap; border-width: 0px; display: none;"
        type="hidden"
        value="0"
      />
      <input
        hidden=""
        name="month[o]"
        readonly=""
        style="position: fixed; top: 1px; left: 1px; width: 1px; height: 0px; padding: 0px; margin: -1px; overflow: hidden; clip: rect(0px, 0px, 0px, 0px); white-space: nowrap; border-width: 0px; display: none;"
        type="hidden"
        value="0"
      />
      <input
        hidden=""
        name="month[isLuxonDateTime]"
        readonly=""
        style="position: fixed; top: 1px; left: 1px; width: 1px; height: 0px; padding: 0px; margin: -1px; overflow: hidden; clip: rect(0px, 0px, 0px, 0px); white-space: nowrap; border-width: 0px; display: none;"
        type="hidden"
        value="1"
      />
      <label
        class="memori--date-selector__select-label"
        data-headlessui-state=""
        id="headlessui-listbox-label-:r2:"
      >
        month
        :
      </label>
      <button
        aria-expanded="false"
        aria-haspopup="true"
        aria-label="month"
        aria-labelledby="headlessui-listbox-label-:r2: headlessui-listbox-button-:r3:"
        class="memori--date-selector__select-button"
        data-headlessui-state=""
        id="headlessui-listbox-button-:r3:"
        type="button"
      >
        <span
          class="memori--date-selector__select--value"
        >
          September
        </span>
        <span
          class="memori--date-selector__select--icon"
        >
          <svg
            aria-hidden="true"
            fill="currentColor"
            focusable="false"
            role="img"
            viewBox="0 0 20 20"
            xmlns="http://www.w3.org/2000/svg"
          >
            <path
              clip-rule="evenodd"
              d="M10 3a.75.75 0 01.55.24l3.25 3.5a.75.75 0 11-1.1 1.02L10 4.852 7.3 7.76a.75.75 0 01-1.1-1.02l3.25-3.5A.75.75 0 0110 3zm-3.76 9.2a.75.75 0 011.06.04l2.7 2.908 2.7-2.908a.75.75 0 111.1 1.02l-3.25 3.5a.75.75 0 01-1.1 0l-3.25-3.5a.75.75 0 01.04-1.06z"
              fill-rule="evenodd"
            />
          </svg>
        </span>
      </button>
    </div>
    <div
      class="memori--date-selector__select"
    >
      <input
        hidden=""
        name="year[ts]"
        readonly=""
        style="position: fixed; top: 1px; left: 1px; width: 1px; height: 0px; padding: 0px; margin: -1px; overflow: hidden; clip: rect(0px, 0px, 0px, 0px); white-space: nowrap; border-width: 0px; display: none;"
        type="hidden"
        value="1663977600000"
      />
      <input
        hidden=""
        name="year[loc][locale]"
        readonly=""
        style="position: fixed; top: 1px; left: 1px; width: 1px; height: 0px; padding: 0px; margin: -1px; overflow: hidden; clip: rect(0px, 0px, 0px, 0px); white-space: nowrap; border-width: 0px; display: none;"
        type="hidden"
        value="en-US"
      />
      <input
        hidden=""
        name="year[loc][numberingSystem]"
        readonly=""
        style="position: fixed; top: 1px; left: 1px; width: 1px; height: 0px; padding: 0px; margin: -1px; overflow: hidden; clip: rect(0px, 0px, 0px, 0px); white-space: nowrap; border-width: 0px; display: none;"
        type="hidden"
        value=""
      />
      <input
        hidden=""
        name="year[loc][outputCalendar]"
        readonly=""
        style="position: fixed; top: 1px; left: 1px; width: 1px; height: 0px; padding: 0px; margin: -1px; overflow: hidden; clip: rect(0px, 0px, 0px, 0px); white-space: nowrap; border-width: 0px; display: none;"
        type="hidden"
        value=""
      />
      <input
        hidden=""
        name="year[loc][weekSettings]"
        readonly=""
        style="position: fixed; top: 1px; left: 1px; width: 1px; height: 0px; padding: 0px; margin: -1px; overflow: hidden; clip: rect(0px, 0px, 0px, 0px); white-space: nowrap; border-width: 0px; display: none;"
        type="hidden"
        value=""
      />
      <input
        hidden=""
        name="year[loc][intl]"
        readonly=""
        style="position: fixed; top: 1px; left: 1px; width: 1px; height: 0px; padding: 0px; margin: -1px; overflow: hidden; clip: rect(0px, 0px, 0px, 0px); white-space: nowrap; border-width: 0px; display: none;"
        type="hidden"
        value="en-US"
      />
      <input
        hidden=""
        name="year[loc][meridiemCache]"
        readonly=""
        style="position: fixed; top: 1px; left: 1px; width: 1px; height: 0px; padding: 0px; margin: -1px; overflow: hidden; clip: rect(0px, 0px, 0px, 0px); white-space: nowrap; border-width: 0px; display: none;"
        type="hidden"
        value=""
      />
      <input
        hidden=""
        name="year[loc][specifiedLocale]"
        readonly=""
        style="position: fixed; top: 1px; left: 1px; width: 1px; height: 0px; padding: 0px; margin: -1px; overflow: hidden; clip: rect(0px, 0px, 0px, 0px); white-space: nowrap; border-width: 0px; display: none;"
        type="hidden"
        value=""
      />
      <input
        hidden=""
        name="year[loc][fastNumbersCached]"
        readonly=""
        style="position: fixed; top: 1px; left: 1px; width: 1px; height: 0px; padding: 0px; margin: -1px; overflow: hidden; clip: rect(0px, 0px, 0px, 0px); white-space: nowrap; border-width: 0px; display: none;"
        type="hidden"
        value=""
      />
      <input
        hidden=""
        name="year[invalid]"
        readonly=""
        style="position: fixed; top: 1px; left: 1px; width: 1px; height: 0px; padding: 0px; margin: -1px; overflow: hidden; clip: rect(0px, 0px, 0px, 0px); white-space: nowrap; border-width: 0px; display: none;"
        type="hidden"
        value=""
      />
      <input
        hidden=""
        name="year[weekData]"
        readonly=""
        style="position: fixed; top: 1px; left: 1px; width: 1px; height: 0px; padding: 0px; margin: -1px; overflow: hidden; clip: rect(0px, 0px, 0px, 0px); white-space: nowrap; border-width: 0px; display: none;"
        type="hidden"
        value=""
      />
      <input
        hidden=""
        name="year[localWeekData]"
        readonly=""
        style="position: fixed; top: 1px; left: 1px; width: 1px; height: 0px; padding: 0px; margin: -1px; overflow: hidden; clip: rect(0px, 0px, 0px, 0px); white-space: nowrap; border-width: 0px; display: none;"
        type="hidden"
        value=""
      />
      <input
        hidden=""
        name="year[c][year]"
        readonly=""
        style="position: fixed; top: 1px; left: 1px; width: 1px; height: 0px; padding: 0px; margin: -1px; overflow: hidden; clip: rect(0px, 0px, 0px, 0px); white-space: nowrap; border-width: 0px; display: none;"
        type="hidden"
        value="2022"
      />
      <input
        hidden=""
        name="year[c][month]"
        readonly=""
        style="position: fixed; top: 1px; left: 1px; width: 1px; height: 0px; padding: 0px; margin: -1px; overflow: hidden; clip: rect(0px, 0px, 0px, 0px); white-space: nowrap; border-width: 0px; display: none;"
        type="hidden"
        value="9"
      />
      <input
        hidden=""
        name="year[c][day]"
        readonly=""
        style="position: fixed; top: 1px; left: 1px; width: 1px; height: 0px; padding: 0px; margin: -1px; overflow: hidden; clip: rect(0px, 0px, 0px, 0px); white-space: nowrap; border-width: 0px; display: none;"
        type="hidden"
        value="24"
      />
      <input
        hidden=""
        name="year[c][hour]"
        readonly=""
        style="position: fixed; top: 1px; left: 1px; width: 1px; height: 0px; padding: 0px; margin: -1px; overflow: hidden; clip: rect(0px, 0px, 0px, 0px); white-space: nowrap; border-width: 0px; display: none;"
        type="hidden"
        value="0"
      />
      <input
        hidden=""
        name="year[c][minute]"
        readonly=""
        style="position: fixed; top: 1px; left: 1px; width: 1px; height: 0px; padding: 0px; margin: -1px; overflow: hidden; clip: rect(0px, 0px, 0px, 0px); white-space: nowrap; border-width: 0px; display: none;"
        type="hidden"
        value="0"
      />
      <input
        hidden=""
        name="year[c][second]"
        readonly=""
        style="position: fixed; top: 1px; left: 1px; width: 1px; height: 0px; padding: 0px; margin: -1px; overflow: hidden; clip: rect(0px, 0px, 0px, 0px); white-space: nowrap; border-width: 0px; display: none;"
        type="hidden"
        value="0"
      />
      <input
        hidden=""
        name="year[c][millisecond]"
        readonly=""
        style="position: fixed; top: 1px; left: 1px; width: 1px; height: 0px; padding: 0px; margin: -1px; overflow: hidden; clip: rect(0px, 0px, 0px, 0px); white-space: nowrap; border-width: 0px; display: none;"
        type="hidden"
        value="0"
      />
      <input
        hidden=""
        name="year[o]"
        readonly=""
        style="position: fixed; top: 1px; left: 1px; width: 1px; height: 0px; padding: 0px; margin: -1px; overflow: hidden; clip: rect(0px, 0px, 0px, 0px); white-space: nowrap; border-width: 0px; display: none;"
        type="hidden"
        value="0"
      />
      <input
        hidden=""
        name="year[isLuxonDateTime]"
        readonly=""
        style="position: fixed; top: 1px; left: 1px; width: 1px; height: 0px; padding: 0px; margin: -1px; overflow: hidden; clip: rect(0px, 0px, 0px, 0px); white-space: nowrap; border-width: 0px; display: none;"
        type="hidden"
        value="1"
      />
      <label
        class="memori--date-selector__select-label"
        data-headlessui-state=""
        id="headlessui-listbox-label-:r4:"
      >
        year
        :
      </label>
      <button
        aria-expanded="false"
        aria-haspopup="true"
        aria-label="year"
        aria-labelledby="headlessui-listbox-label-:r4: headlessui-listbox-button-:r5:"
        class="memori--date-selector__select-button"
        data-headlessui-state=""
        id="headlessui-listbox-button-:r5:"
        type="button"
      >
        <span
          class="memori--date-selector__select--value"
        >
          2022
        </span>
        <span
          class="memori--date-selector__select--icon"
        >
          <svg
            aria-hidden="true"
            fill="currentColor"
            focusable="false"
            role="img"
            viewBox="0 0 20 20"
            xmlns="http://www.w3.org/2000/svg"
          >
            <path
              clip-rule="evenodd"
              d="M10 3a.75.75 0 01.55.24l3.25 3.5a.75.75 0 11-1.1 1.02L10 4.852 7.3 7.76a.75.75 0 01-1.1-1.02l3.25-3.5A.75.75 0 0110 3zm-3.76 9.2a.75.75 0 011.06.04l2.7 2.908 2.7-2.908a.75.75 0 111.1 1.02l-3.25 3.5a.75.75 0 01-1.1 0l-3.25-3.5a.75.75 0 01.04-1.06z"
              fill-rule="evenodd"
            />
          </svg>
        </span>
      </button>
    </div>
  </div>
</div>
`;

exports[`renders DateSelector with default value unchanged 1`] = `
<div>
  <div
    class="memori--date-selector"
  >
    <div
      class="memori--date-selector__select"
    >
      <input
        hidden=""
        name="day[ts]"
        readonly=""
        style="position: fixed; top: 1px; left: 1px; width: 1px; height: 0px; padding: 0px; margin: -1px; overflow: hidden; clip: rect(0px, 0px, 0px, 0px); white-space: nowrap; border-width: 0px; display: none;"
        type="hidden"
        value="1702543686977"
      />
      <input
        hidden=""
        name="day[loc][locale]"
        readonly=""
        style="position: fixed; top: 1px; left: 1px; width: 1px; height: 0px; padding: 0px; margin: -1px; overflow: hidden; clip: rect(0px, 0px, 0px, 0px); white-space: nowrap; border-width: 0px; display: none;"
        type="hidden"
        value="en-US"
      />
      <input
        hidden=""
        name="day[loc][numberingSystem]"
        readonly=""
        style="position: fixed; top: 1px; left: 1px; width: 1px; height: 0px; padding: 0px; margin: -1px; overflow: hidden; clip: rect(0px, 0px, 0px, 0px); white-space: nowrap; border-width: 0px; display: none;"
        type="hidden"
        value=""
      />
      <input
        hidden=""
        name="day[loc][outputCalendar]"
        readonly=""
        style="position: fixed; top: 1px; left: 1px; width: 1px; height: 0px; padding: 0px; margin: -1px; overflow: hidden; clip: rect(0px, 0px, 0px, 0px); white-space: nowrap; border-width: 0px; display: none;"
        type="hidden"
        value=""
      />
      <input
        hidden=""
        name="day[loc][weekSettings]"
        readonly=""
        style="position: fixed; top: 1px; left: 1px; width: 1px; height: 0px; padding: 0px; margin: -1px; overflow: hidden; clip: rect(0px, 0px, 0px, 0px); white-space: nowrap; border-width: 0px; display: none;"
        type="hidden"
        value=""
      />
      <input
        hidden=""
        name="day[loc][intl]"
        readonly=""
        style="position: fixed; top: 1px; left: 1px; width: 1px; height: 0px; padding: 0px; margin: -1px; overflow: hidden; clip: rect(0px, 0px, 0px, 0px); white-space: nowrap; border-width: 0px; display: none;"
        type="hidden"
        value="en-US"
      />
      <input
        hidden=""
        name="day[loc][meridiemCache]"
        readonly=""
        style="position: fixed; top: 1px; left: 1px; width: 1px; height: 0px; padding: 0px; margin: -1px; overflow: hidden; clip: rect(0px, 0px, 0px, 0px); white-space: nowrap; border-width: 0px; display: none;"
        type="hidden"
        value=""
      />
      <input
        hidden=""
        name="day[loc][specifiedLocale]"
        readonly=""
        style="position: fixed; top: 1px; left: 1px; width: 1px; height: 0px; padding: 0px; margin: -1px; overflow: hidden; clip: rect(0px, 0px, 0px, 0px); white-space: nowrap; border-width: 0px; display: none;"
        type="hidden"
        value=""
      />
      <input
        hidden=""
        name="day[loc][fastNumbersCached]"
        readonly=""
        style="position: fixed; top: 1px; left: 1px; width: 1px; height: 0px; padding: 0px; margin: -1px; overflow: hidden; clip: rect(0px, 0px, 0px, 0px); white-space: nowrap; border-width: 0px; display: none;"
        type="hidden"
        value=""
      />
      <input
        hidden=""
        name="day[invalid]"
        readonly=""
        style="position: fixed; top: 1px; left: 1px; width: 1px; height: 0px; padding: 0px; margin: -1px; overflow: hidden; clip: rect(0px, 0px, 0px, 0px); white-space: nowrap; border-width: 0px; display: none;"
        type="hidden"
        value=""
      />
      <input
        hidden=""
        name="day[weekData]"
        readonly=""
        style="position: fixed; top: 1px; left: 1px; width: 1px; height: 0px; padding: 0px; margin: -1px; overflow: hidden; clip: rect(0px, 0px, 0px, 0px); white-space: nowrap; border-width: 0px; display: none;"
        type="hidden"
        value=""
      />
      <input
        hidden=""
        name="day[localWeekData]"
        readonly=""
        style="position: fixed; top: 1px; left: 1px; width: 1px; height: 0px; padding: 0px; margin: -1px; overflow: hidden; clip: rect(0px, 0px, 0px, 0px); white-space: nowrap; border-width: 0px; display: none;"
        type="hidden"
        value=""
      />
      <input
        hidden=""
        name="day[c][year]"
        readonly=""
        style="position: fixed; top: 1px; left: 1px; width: 1px; height: 0px; padding: 0px; margin: -1px; overflow: hidden; clip: rect(0px, 0px, 0px, 0px); white-space: nowrap; border-width: 0px; display: none;"
        type="hidden"
        value="2023"
      />
      <input
        hidden=""
        name="day[c][month]"
        readonly=""
        style="position: fixed; top: 1px; left: 1px; width: 1px; height: 0px; padding: 0px; margin: -1px; overflow: hidden; clip: rect(0px, 0px, 0px, 0px); white-space: nowrap; border-width: 0px; display: none;"
        type="hidden"
        value="12"
      />
      <input
        hidden=""
        name="day[c][day]"
        readonly=""
        style="position: fixed; top: 1px; left: 1px; width: 1px; height: 0px; padding: 0px; margin: -1px; overflow: hidden; clip: rect(0px, 0px, 0px, 0px); white-space: nowrap; border-width: 0px; display: none;"
        type="hidden"
        value="14"
      />
      <input
        hidden=""
        name="day[c][hour]"
        readonly=""
        style="position: fixed; top: 1px; left: 1px; width: 1px; height: 0px; padding: 0px; margin: -1px; overflow: hidden; clip: rect(0px, 0px, 0px, 0px); white-space: nowrap; border-width: 0px; display: none;"
        type="hidden"
        value="8"
      />
      <input
        hidden=""
        name="day[c][minute]"
        readonly=""
        style="position: fixed; top: 1px; left: 1px; width: 1px; height: 0px; padding: 0px; margin: -1px; overflow: hidden; clip: rect(0px, 0px, 0px, 0px); white-space: nowrap; border-width: 0px; display: none;"
        type="hidden"
        value="48"
      />
      <input
        hidden=""
        name="day[c][second]"
        readonly=""
        style="position: fixed; top: 1px; left: 1px; width: 1px; height: 0px; padding: 0px; margin: -1px; overflow: hidden; clip: rect(0px, 0px, 0px, 0px); white-space: nowrap; border-width: 0px; display: none;"
        type="hidden"
        value="6"
      />
      <input
        hidden=""
        name="day[c][millisecond]"
        readonly=""
        style="position: fixed; top: 1px; left: 1px; width: 1px; height: 0px; padding: 0px; margin: -1px; overflow: hidden; clip: rect(0px, 0px, 0px, 0px); white-space: nowrap; border-width: 0px; display: none;"
        type="hidden"
        value="977"
      />
      <input
        hidden=""
        name="day[o]"
        readonly=""
        style="position: fixed; top: 1px; left: 1px; width: 1px; height: 0px; padding: 0px; margin: -1px; overflow: hidden; clip: rect(0px, 0px, 0px, 0px); white-space: nowrap; border-width: 0px; display: none;"
        type="hidden"
        value="0"
      />
      <input
        hidden=""
        name="day[isLuxonDateTime]"
        readonly=""
        style="position: fixed; top: 1px; left: 1px; width: 1px; height: 0px; padding: 0px; margin: -1px; overflow: hidden; clip: rect(0px, 0px, 0px, 0px); white-space: nowrap; border-width: 0px; display: none;"
        type="hidden"
        value="1"
      />
      <label
        class="memori--date-selector__select-label"
        data-headlessui-state=""
        id="headlessui-listbox-label-:r6:"
      >
        day
        :
      </label>
      <button
        aria-expanded="false"
        aria-haspopup="true"
        aria-label="day"
        aria-labelledby="headlessui-listbox-label-:r6: headlessui-listbox-button-:r7:"
        class="memori--date-selector__select-button"
        data-headlessui-state=""
        id="headlessui-listbox-button-:r7:"
        type="button"
      >
        <span
          class="memori--date-selector__select--value"
        >
          14
        </span>
        <span
          class="memori--date-selector__select--icon"
        >
          <svg
            aria-hidden="true"
            fill="currentColor"
            focusable="false"
            role="img"
            viewBox="0 0 20 20"
            xmlns="http://www.w3.org/2000/svg"
          >
            <path
              clip-rule="evenodd"
              d="M10 3a.75.75 0 01.55.24l3.25 3.5a.75.75 0 11-1.1 1.02L10 4.852 7.3 7.76a.75.75 0 01-1.1-1.02l3.25-3.5A.75.75 0 0110 3zm-3.76 9.2a.75.75 0 011.06.04l2.7 2.908 2.7-2.908a.75.75 0 111.1 1.02l-3.25 3.5a.75.75 0 01-1.1 0l-3.25-3.5a.75.75 0 01.04-1.06z"
              fill-rule="evenodd"
            />
          </svg>
        </span>
      </button>
    </div>
    <div
      class="memori--date-selector__select"
    >
      <input
        hidden=""
        name="month[ts]"
        readonly=""
        style="position: fixed; top: 1px; left: 1px; width: 1px; height: 0px; padding: 0px; margin: -1px; overflow: hidden; clip: rect(0px, 0px, 0px, 0px); white-space: nowrap; border-width: 0px; display: none;"
        type="hidden"
        value="1702543686977"
      />
      <input
        hidden=""
        name="month[loc][locale]"
        readonly=""
        style="position: fixed; top: 1px; left: 1px; width: 1px; height: 0px; padding: 0px; margin: -1px; overflow: hidden; clip: rect(0px, 0px, 0px, 0px); white-space: nowrap; border-width: 0px; display: none;"
        type="hidden"
        value="en-US"
      />
      <input
        hidden=""
        name="month[loc][numberingSystem]"
        readonly=""
        style="position: fixed; top: 1px; left: 1px; width: 1px; height: 0px; padding: 0px; margin: -1px; overflow: hidden; clip: rect(0px, 0px, 0px, 0px); white-space: nowrap; border-width: 0px; display: none;"
        type="hidden"
        value=""
      />
      <input
        hidden=""
        name="month[loc][outputCalendar]"
        readonly=""
        style="position: fixed; top: 1px; left: 1px; width: 1px; height: 0px; padding: 0px; margin: -1px; overflow: hidden; clip: rect(0px, 0px, 0px, 0px); white-space: nowrap; border-width: 0px; display: none;"
        type="hidden"
        value=""
      />
      <input
        hidden=""
        name="month[loc][weekSettings]"
        readonly=""
        style="position: fixed; top: 1px; left: 1px; width: 1px; height: 0px; padding: 0px; margin: -1px; overflow: hidden; clip: rect(0px, 0px, 0px, 0px); white-space: nowrap; border-width: 0px; display: none;"
        type="hidden"
        value=""
      />
      <input
        hidden=""
        name="month[loc][intl]"
        readonly=""
        style="position: fixed; top: 1px; left: 1px; width: 1px; height: 0px; padding: 0px; margin: -1px; overflow: hidden; clip: rect(0px, 0px, 0px, 0px); white-space: nowrap; border-width: 0px; display: none;"
        type="hidden"
        value="en-US"
      />
      <input
        hidden=""
        name="month[loc][meridiemCache]"
        readonly=""
        style="position: fixed; top: 1px; left: 1px; width: 1px; height: 0px; padding: 0px; margin: -1px; overflow: hidden; clip: rect(0px, 0px, 0px, 0px); white-space: nowrap; border-width: 0px; display: none;"
        type="hidden"
        value=""
      />
      <input
        hidden=""
        name="month[loc][specifiedLocale]"
        readonly=""
        style="position: fixed; top: 1px; left: 1px; width: 1px; height: 0px; padding: 0px; margin: -1px; overflow: hidden; clip: rect(0px, 0px, 0px, 0px); white-space: nowrap; border-width: 0px; display: none;"
        type="hidden"
        value=""
      />
      <input
        hidden=""
        name="month[loc][fastNumbersCached]"
        readonly=""
        style="position: fixed; top: 1px; left: 1px; width: 1px; height: 0px; padding: 0px; margin: -1px; overflow: hidden; clip: rect(0px, 0px, 0px, 0px); white-space: nowrap; border-width: 0px; display: none;"
        type="hidden"
        value=""
      />
      <input
        hidden=""
        name="month[invalid]"
        readonly=""
        style="position: fixed; top: 1px; left: 1px; width: 1px; height: 0px; padding: 0px; margin: -1px; overflow: hidden; clip: rect(0px, 0px, 0px, 0px); white-space: nowrap; border-width: 0px; display: none;"
        type="hidden"
        value=""
      />
      <input
        hidden=""
        name="month[weekData]"
        readonly=""
        style="position: fixed; top: 1px; left: 1px; width: 1px; height: 0px; padding: 0px; margin: -1px; overflow: hidden; clip: rect(0px, 0px, 0px, 0px); white-space: nowrap; border-width: 0px; display: none;"
        type="hidden"
        value=""
      />
      <input
        hidden=""
        name="month[localWeekData]"
        readonly=""
        style="position: fixed; top: 1px; left: 1px; width: 1px; height: 0px; padding: 0px; margin: -1px; overflow: hidden; clip: rect(0px, 0px, 0px, 0px); white-space: nowrap; border-width: 0px; display: none;"
        type="hidden"
        value=""
      />
      <input
        hidden=""
        name="month[c][year]"
        readonly=""
        style="position: fixed; top: 1px; left: 1px; width: 1px; height: 0px; padding: 0px; margin: -1px; overflow: hidden; clip: rect(0px, 0px, 0px, 0px); white-space: nowrap; border-width: 0px; display: none;"
        type="hidden"
        value="2023"
      />
      <input
        hidden=""
        name="month[c][month]"
        readonly=""
        style="position: fixed; top: 1px; left: 1px; width: 1px; height: 0px; padding: 0px; margin: -1px; overflow: hidden; clip: rect(0px, 0px, 0px, 0px); white-space: nowrap; border-width: 0px; display: none;"
        type="hidden"
        value="12"
      />
      <input
        hidden=""
        name="month[c][day]"
        readonly=""
        style="position: fixed; top: 1px; left: 1px; width: 1px; height: 0px; padding: 0px; margin: -1px; overflow: hidden; clip: rect(0px, 0px, 0px, 0px); white-space: nowrap; border-width: 0px; display: none;"
        type="hidden"
        value="14"
      />
      <input
        hidden=""
        name="month[c][hour]"
        readonly=""
        style="position: fixed; top: 1px; left: 1px; width: 1px; height: 0px; padding: 0px; margin: -1px; overflow: hidden; clip: rect(0px, 0px, 0px, 0px); white-space: nowrap; border-width: 0px; display: none;"
        type="hidden"
        value="8"
      />
      <input
        hidden=""
        name="month[c][minute]"
        readonly=""
        style="position: fixed; top: 1px; left: 1px; width: 1px; height: 0px; padding: 0px; margin: -1px; overflow: hidden; clip: rect(0px, 0px, 0px, 0px); white-space: nowrap; border-width: 0px; display: none;"
        type="hidden"
        value="48"
      />
      <input
        hidden=""
        name="month[c][second]"
        readonly=""
        style="position: fixed; top: 1px; left: 1px; width: 1px; height: 0px; padding: 0px; margin: -1px; overflow: hidden; clip: rect(0px, 0px, 0px, 0px); white-space: nowrap; border-width: 0px; display: none;"
        type="hidden"
        value="6"
      />
      <input
        hidden=""
        name="month[c][millisecond]"
        readonly=""
        style="position: fixed; top: 1px; left: 1px; width: 1px; height: 0px; padding: 0px; margin: -1px; overflow: hidden; clip: rect(0px, 0px, 0px, 0px); white-space: nowrap; border-width: 0px; display: none;"
        type="hidden"
        value="977"
      />
      <input
        hidden=""
        name="month[o]"
        readonly=""
        style="position: fixed; top: 1px; left: 1px; width: 1px; height: 0px; padding: 0px; margin: -1px; overflow: hidden; clip: rect(0px, 0px, 0px, 0px); white-space: nowrap; border-width: 0px; display: none;"
        type="hidden"
        value="0"
      />
      <input
        hidden=""
        name="month[isLuxonDateTime]"
        readonly=""
        style="position: fixed; top: 1px; left: 1px; width: 1px; height: 0px; padding: 0px; margin: -1px; overflow: hidden; clip: rect(0px, 0px, 0px, 0px); white-space: nowrap; border-width: 0px; display: none;"
        type="hidden"
        value="1"
      />
      <label
        class="memori--date-selector__select-label"
        data-headlessui-state=""
        id="headlessui-listbox-label-:r8:"
      >
        month
        :
      </label>
      <button
        aria-expanded="false"
        aria-haspopup="true"
        aria-label="month"
        aria-labelledby="headlessui-listbox-label-:r8: headlessui-listbox-button-:r9:"
        class="memori--date-selector__select-button"
        data-headlessui-state=""
        id="headlessui-listbox-button-:r9:"
        type="button"
      >
        <span
          class="memori--date-selector__select--value"
        >
          December
        </span>
        <span
          class="memori--date-selector__select--icon"
        >
          <svg
            aria-hidden="true"
            fill="currentColor"
            focusable="false"
            role="img"
            viewBox="0 0 20 20"
            xmlns="http://www.w3.org/2000/svg"
          >
            <path
              clip-rule="evenodd"
              d="M10 3a.75.75 0 01.55.24l3.25 3.5a.75.75 0 11-1.1 1.02L10 4.852 7.3 7.76a.75.75 0 01-1.1-1.02l3.25-3.5A.75.75 0 0110 3zm-3.76 9.2a.75.75 0 011.06.04l2.7 2.908 2.7-2.908a.75.75 0 111.1 1.02l-3.25 3.5a.75.75 0 01-1.1 0l-3.25-3.5a.75.75 0 01.04-1.06z"
              fill-rule="evenodd"
            />
          </svg>
        </span>
      </button>
    </div>
    <div
      class="memori--date-selector__select"
    >
      <input
        hidden=""
        name="year[ts]"
        readonly=""
        style="position: fixed; top: 1px; left: 1px; width: 1px; height: 0px; padding: 0px; margin: -1px; overflow: hidden; clip: rect(0px, 0px, 0px, 0px); white-space: nowrap; border-width: 0px; display: none;"
        type="hidden"
        value="1702543686977"
      />
      <input
        hidden=""
        name="year[loc][locale]"
        readonly=""
        style="position: fixed; top: 1px; left: 1px; width: 1px; height: 0px; padding: 0px; margin: -1px; overflow: hidden; clip: rect(0px, 0px, 0px, 0px); white-space: nowrap; border-width: 0px; display: none;"
        type="hidden"
        value="en-US"
      />
      <input
        hidden=""
        name="year[loc][numberingSystem]"
        readonly=""
        style="position: fixed; top: 1px; left: 1px; width: 1px; height: 0px; padding: 0px; margin: -1px; overflow: hidden; clip: rect(0px, 0px, 0px, 0px); white-space: nowrap; border-width: 0px; display: none;"
        type="hidden"
        value=""
      />
      <input
        hidden=""
        name="year[loc][outputCalendar]"
        readonly=""
        style="position: fixed; top: 1px; left: 1px; width: 1px; height: 0px; padding: 0px; margin: -1px; overflow: hidden; clip: rect(0px, 0px, 0px, 0px); white-space: nowrap; border-width: 0px; display: none;"
        type="hidden"
        value=""
      />
      <input
        hidden=""
        name="year[loc][weekSettings]"
        readonly=""
        style="position: fixed; top: 1px; left: 1px; width: 1px; height: 0px; padding: 0px; margin: -1px; overflow: hidden; clip: rect(0px, 0px, 0px, 0px); white-space: nowrap; border-width: 0px; display: none;"
        type="hidden"
        value=""
      />
      <input
        hidden=""
        name="year[loc][intl]"
        readonly=""
        style="position: fixed; top: 1px; left: 1px; width: 1px; height: 0px; padding: 0px; margin: -1px; overflow: hidden; clip: rect(0px, 0px, 0px, 0px); white-space: nowrap; border-width: 0px; display: none;"
        type="hidden"
        value="en-US"
      />
      <input
        hidden=""
        name="year[loc][meridiemCache]"
        readonly=""
        style="position: fixed; top: 1px; left: 1px; width: 1px; height: 0px; padding: 0px; margin: -1px; overflow: hidden; clip: rect(0px, 0px, 0px, 0px); white-space: nowrap; border-width: 0px; display: none;"
        type="hidden"
        value=""
      />
      <input
        hidden=""
        name="year[loc][specifiedLocale]"
        readonly=""
        style="position: fixed; top: 1px; left: 1px; width: 1px; height: 0px; padding: 0px; margin: -1px; overflow: hidden; clip: rect(0px, 0px, 0px, 0px); white-space: nowrap; border-width: 0px; display: none;"
        type="hidden"
        value=""
      />
      <input
        hidden=""
        name="year[loc][fastNumbersCached]"
        readonly=""
        style="position: fixed; top: 1px; left: 1px; width: 1px; height: 0px; padding: 0px; margin: -1px; overflow: hidden; clip: rect(0px, 0px, 0px, 0px); white-space: nowrap; border-width: 0px; display: none;"
        type="hidden"
        value=""
      />
      <input
        hidden=""
        name="year[invalid]"
        readonly=""
        style="position: fixed; top: 1px; left: 1px; width: 1px; height: 0px; padding: 0px; margin: -1px; overflow: hidden; clip: rect(0px, 0px, 0px, 0px); white-space: nowrap; border-width: 0px; display: none;"
        type="hidden"
        value=""
      />
      <input
        hidden=""
        name="year[weekData]"
        readonly=""
        style="position: fixed; top: 1px; left: 1px; width: 1px; height: 0px; padding: 0px; margin: -1px; overflow: hidden; clip: rect(0px, 0px, 0px, 0px); white-space: nowrap; border-width: 0px; display: none;"
        type="hidden"
        value=""
      />
      <input
        hidden=""
        name="year[localWeekData]"
        readonly=""
        style="position: fixed; top: 1px; left: 1px; width: 1px; height: 0px; padding: 0px; margin: -1px; overflow: hidden; clip: rect(0px, 0px, 0px, 0px); white-space: nowrap; border-width: 0px; display: none;"
        type="hidden"
        value=""
      />
      <input
        hidden=""
        name="year[c][year]"
        readonly=""
        style="position: fixed; top: 1px; left: 1px; width: 1px; height: 0px; padding: 0px; margin: -1px; overflow: hidden; clip: rect(0px, 0px, 0px, 0px); white-space: nowrap; border-width: 0px; display: none;"
        type="hidden"
        value="2023"
      />
      <input
        hidden=""
        name="year[c][month]"
        readonly=""
        style="position: fixed; top: 1px; left: 1px; width: 1px; height: 0px; padding: 0px; margin: -1px; overflow: hidden; clip: rect(0px, 0px, 0px, 0px); white-space: nowrap; border-width: 0px; display: none;"
        type="hidden"
        value="12"
      />
      <input
        hidden=""
        name="year[c][day]"
        readonly=""
        style="position: fixed; top: 1px; left: 1px; width: 1px; height: 0px; padding: 0px; margin: -1px; overflow: hidden; clip: rect(0px, 0px, 0px, 0px); white-space: nowrap; border-width: 0px; display: none;"
        type="hidden"
        value="14"
      />
      <input
        hidden=""
        name="year[c][hour]"
        readonly=""
        style="position: fixed; top: 1px; left: 1px; width: 1px; height: 0px; padding: 0px; margin: -1px; overflow: hidden; clip: rect(0px, 0px, 0px, 0px); white-space: nowrap; border-width: 0px; display: none;"
        type="hidden"
        value="8"
      />
      <input
        hidden=""
        name="year[c][minute]"
        readonly=""
        style="position: fixed; top: 1px; left: 1px; width: 1px; height: 0px; padding: 0px; margin: -1px; overflow: hidden; clip: rect(0px, 0px, 0px, 0px); white-space: nowrap; border-width: 0px; display: none;"
        type="hidden"
        value="48"
      />
      <input
        hidden=""
        name="year[c][second]"
        readonly=""
        style="position: fixed; top: 1px; left: 1px; width: 1px; height: 0px; padding: 0px; margin: -1px; overflow: hidden; clip: rect(0px, 0px, 0px, 0px); white-space: nowrap; border-width: 0px; display: none;"
        type="hidden"
        value="6"
      />
      <input
        hidden=""
        name="year[c][millisecond]"
        readonly=""
        style="position: fixed; top: 1px; left: 1px; width: 1px; height: 0px; padding: 0px; margin: -1px; overflow: hidden; clip: rect(0px, 0px, 0px, 0px); white-space: nowrap; border-width: 0px; display: none;"
        type="hidden"
        value="977"
      />
      <input
        hidden=""
        name="year[o]"
        readonly=""
        style="position: fixed; top: 1px; left: 1px; width: 1px; height: 0px; padding: 0px; margin: -1px; overflow: hidden; clip: rect(0px, 0px, 0px, 0px); white-space: nowrap; border-width: 0px; display: none;"
        type="hidden"
        value="0"
      />
      <input
        hidden=""
        name="year[isLuxonDateTime]"
        readonly=""
        style="position: fixed; top: 1px; left: 1px; width: 1px; height: 0px; padding: 0px; margin: -1px; overflow: hidden; clip: rect(0px, 0px, 0px, 0px); white-space: nowrap; border-width: 0px; display: none;"
        type="hidden"
        value="1"
      />
      <label
        class="memori--date-selector__select-label"
        data-headlessui-state=""
        id="headlessui-listbox-label-:ra:"
      >
        year
        :
      </label>
      <button
        aria-expanded="false"
        aria-haspopup="true"
        aria-label="year"
        aria-labelledby="headlessui-listbox-label-:ra: headlessui-listbox-button-:rb:"
        class="memori--date-selector__select-button"
        data-headlessui-state=""
        id="headlessui-listbox-button-:rb:"
        type="button"
      >
        <span
          class="memori--date-selector__select--value"
        >
          2023
        </span>
        <span
          class="memori--date-selector__select--icon"
        >
          <svg
            aria-hidden="true"
            fill="currentColor"
            focusable="false"
            role="img"
            viewBox="0 0 20 20"
            xmlns="http://www.w3.org/2000/svg"
          >
            <path
              clip-rule="evenodd"
              d="M10 3a.75.75 0 01.55.24l3.25 3.5a.75.75 0 11-1.1 1.02L10 4.852 7.3 7.76a.75.75 0 01-1.1-1.02l3.25-3.5A.75.75 0 0110 3zm-3.76 9.2a.75.75 0 011.06.04l2.7 2.908 2.7-2.908a.75.75 0 111.1 1.02l-3.25 3.5a.75.75 0 01-1.1 0l-3.25-3.5a.75.75 0 01.04-1.06z"
              fill-rule="evenodd"
            />
          </svg>
        </span>
      </button>
    </div>
  </div>
</div>
`;
