// Jest Snapshot v1, https://goo.gl/fbAQLP

exports[`renders SettingsDrawer for totem layout open unchanged 1`] = `
<div
  aria-hidden="true"
  data-base-ui-inert=""
/>
`;

exports[`renders SettingsDrawer for totem layout open with controls at center unchanged 1`] = `
<div
  aria-hidden="true"
  data-base-ui-inert=""
/>
`;

exports[`renders SettingsDrawer for totem layout with continuous speech and hide emissions unchanged 1`] = `
<div
  aria-hidden="true"
  data-base-ui-inert=""
/>
`;

exports[`renders SettingsDrawer open unchanged 1`] = `
<div
  aria-hidden="true"
  data-base-ui-inert=""
/>
`;

exports[`renders SettingsDrawer open with continuous speech enabled unchanged 1`] = `
<div
  aria-hidden="true"
  data-base-ui-inert=""
/>
`;

exports[`renders SettingsDrawer open with non-default continuous speech timeout unchanged 1`] = `
<div
  aria-hidden="true"
  data-base-ui-inert=""
/>
`;

exports[`renders SettingsDrawer unchanged 1`] = `<div />`;

exports[`renders SettingsDrawer with additional custom settings unchanged 1`] = `
<div
  aria-hidden="true"
  data-base-ui-inert=""
/>
`;
