// Jest Snapshot v1, https://goo.gl/fbAQLP

exports[`renders FeedbackButtons unchanged 1`] = `
<div>
  <div
    class="memori-chat--feedback"
  >
    <div
      class="memori-tooltip memori-tooltip--align-left"
    >
      <div
        class="memori-tooltip--content"
      >
        Feedback
      </div>
      <div
        class="memori-tooltip--trigger"
      >
        <button
          class="memori-button memori-button--ghost memori-button--md memori-button--circle memori-button--icon-only"
          tabindex="0"
          title="Feedback"
          type="button"
        >
          <span
            class="memori-button__icon"
          >
            <svg
              class="lucide lucide-message-square"
              fill="none"
              height="24"
              stroke="currentColor"
              stroke-linecap="round"
              stroke-linejoin="round"
              stroke-width="2"
              viewBox="0 0 24 24"
              width="24"
              xmlns="http://www.w3.org/2000/svg"
            >
              <path
                d="M21 15a2 2 0 0 1-2 2H7l-4 4V5a2 2 0 0 1 2-2h14a2 2 0 0 1 2 2z"
              />
            </svg>
          </span>
        </button>
      </div>
    </div>
  </div>
</div>
`;
