// Jest Snapshot v1, https://goo.gl/fbAQLP

exports[`renders FeedbackButtons unchanged 1`] = `
<div>
  <div
    class="memori-chat--feedback"
  >
    <button
      class="memori-button memori-button--ghost memori-button--circle memori-button--padded memori-button--icon-only"
    >
      <span
        class="memori-button--icon"
      >
        <svg
          aria-hidden="true"
          fill="none"
          focusable="false"
          role="img"
          stroke="currentColor"
          stroke-linecap="round"
          stroke-linejoin="round"
          stroke-width="2"
          tabindex="-1"
          viewBox="0 0 24 24"
          xmlns="http://www.w3.org/2000/svg"
        >
          <path
            d="M14 9V5a3 3 0 00-3-3l-4 9v11h11.28a2 2 0 002-1.7l1.38-9a2 2 0 00-2-2.3zM7 22H4a2 2 0 01-2-2v-7a2 2 0 012-2h3"
          />
        </svg>
      </span>
    </button>
    <div
      class="memori-tooltip"
    >
      <div
        class="memori-tooltip--content"
      >
        Non è quello che ti ho chiesto
      </div>
      <div
        class="memori-tooltip--trigger"
      >
        <button
          class="memori-button memori-button--ghost memori-button--circle memori-button--padded memori-button--icon-only"
        >
          <span
            class="memori-button--icon"
          >
            <svg
              aria-hidden="true"
              fill="none"
              focusable="false"
              role="img"
              stroke="currentColor"
              stroke-linecap="round"
              stroke-linejoin="round"
              stroke-width="2"
              tabindex="-1"
              viewBox="0 0 24 24"
              xmlns="http://www.w3.org/2000/svg"
            >
              <path
                d="M10 15v4a3 3 0 003 3l4-9V2H5.72a2 2 0 00-2 1.7l-1.38 9a2 2 0 002 2.3zm7-13h2.67A2.31 2.31 0 0122 4v7a2.31 2.31 0 01-2.33 2H17"
              />
            </svg>
          </span>
        </button>
      </div>
    </div>
  </div>
</div>
`;
