// Jest Snapshot v1, https://goo.gl/fbAQLP

exports[`renders WhyThisAnswer hidden unchanged 1`] = `<div />`;

exports[`renders WhyThisAnswer loading unchanged 1`] = `
<div
  aria-hidden="true"
  data-base-ui-inert=""
/>
`;

exports[`renders WhyThisAnswer visible unchanged 1`] = `
<div
  aria-hidden="true"
  data-base-ui-inert=""
/>
`;

exports[`renders WhyThisAnswer with data unchanged 1`] = `
<div
  aria-hidden="true"
  data-base-ui-inert=""
/>
`;
