// Jest Snapshot v1, https://goo.gl/fbAQLP

exports[`renders SignupForm on otp form unchanged 1`] = `
<div>
  <form
    class="memori--login-drawer--form"
  >
    <input
      name="userName"
      type="hidden"
      value=""
    />
    <input
      name="password"
      type="hidden"
      value=""
    />
    <input
      name="tenant"
      type="hidden"
      value="www.aisuru.com"
    />
    <label
      for="#verificationCode"
    >
      login.otpCode
      <input
        autocomplete="one-time-code"
        id="verificationCode"
        name="verificationCode"
        placeholder="login.otpCode"
        required=""
        type="text"
      />
    </label>
    <p>
      <button
        class="memori-button memori-button--outlined memori-button--rounded memori-button--padded"
      >
        login.resendVerificationCode
      </button>
    </p>
    <button
      class="memori-button memori-button--primary memori-button--rounded memori-button--padded"
      type="submit"
    >
      confirm
    </button>
  </form>
</div>
`;

exports[`renders SignupForm unchanged 1`] = `
<div>
  <form
    class="memori--login-drawer--form"
  >
    <input
      name="tenant"
      type="hidden"
      value="www.aisuru.com"
    />
    <input
      name="referral"
      type="hidden"
      value="http://localhost/"
    />
    <label
      for="#eMail"
    >
      login.email
      <input
        aria-invalid="false"
        autocomplete="email"
        id="eMail"
        name="eMail"
        placeholder="login.email"
        required=""
        type="email"
      />
    </label>
    <label
      for="userName"
    >
      login.username
      <input
        aria-invalid="false"
        autocomplete="username"
        id="userName"
        name="userName"
        placeholder="login.username"
        required=""
        type="text"
      />
    </label>
    <label
      for="#birthDate"
    >
      login.birthDate
      <input
        autocomplete="bday"
        id="birthDate"
        name="birthDate"
        required=""
        type="date"
      />
    </label>
    <p>
      <small>
        login.birthDateHelper
      </small>
    </p>
    <label
      for="#password"
    >
      login.password
      <input
        aria-invalid="false"
        autocomplete="new-password"
        id="password"
        name="password"
        placeholder="login.password"
        required=""
        type="password"
      />
    </label>
    <label
      for="#confirm-password"
    >
      login.confirmPassword
      <input
        aria-invalid="false"
        autocomplete="new-password"
        id="confirm-password"
        name="confirmPassword"
        placeholder="login.confirmPassword"
        required=""
        type="password"
      />
    </label>
    <meter
      class="memori--login-drawer--password-meter"
      high="66"
      id="password-strength-meter"
      low="33"
      max="100"
      min="0"
      optimum="80"
      value="0"
    />
    <small>
      login.pwdAcceptable
    </small>
    <label
      class="memori-checkbox"
    >
      <span
        class="memori-checkbox--input-wrapper"
      >
        <input
          class="memori-checkbox--input"
          name="tnCAndPPAccepted"
          required=""
          type="checkbox"
        />
        <span
          class="memori-checkbox--inner"
        />
      </span>
      <span
        class="memori-checkbox--text"
      >
        login.privacyLabel
         
        <a
          href="https://memori.ai/en/privacy_and_cookie"
          rel="noopener noreferrer"
          target="_blank"
        >
          login.privacyAndCookiePolicy
        </a>
         
        login.and
         
        <a
          href="https://memori.ai/en/tos"
          rel="noopener noreferrer"
          target="_blank"
        >
          login.termsOfService
        </a>
      </span>
    </label>
    <label
      class="memori-checkbox"
    >
      <span
        class="memori-checkbox--input-wrapper"
      >
        <input
          class="memori-checkbox--input"
          name="pAndCUAccepted"
          type="checkbox"
        />
        <span
          class="memori-checkbox--inner"
        />
      </span>
      <span
        class="memori-checkbox--text"
      >
        login.pAndCUAccepted
         
        <small>
          <em>
            (
            login.optional
            )
          </em>
        </small>
      </span>
    </label>
    <p>
      <small>
        login.deepThoughtExplaination
      </small>
    </p>
    <button
      class="memori-button memori-button--primary memori-button--rounded memori-button--padded"
      type="submit"
    >
      login.signUp
    </button>
    <p
      class="memori--login-drawer--signup"
    >
      login.alreadyHaveAnAccount
       
      <button
        class="memori-button memori-button--outlined memori-button--rounded memori-button--padded"
      >
        login.backToLogin
      </button>
    </p>
  </form>
</div>
`;
