// Jest Snapshot v1, https://goo.gl/fbAQLP

exports[`renders Chat layout unchanged 1`] = `
<div>
  <div
    class="memori memori-widget memori-layout-chat memori-controls-bottom memori--avatar-readyplayerme memori--with-integration"
    data-memori-engine-state="{}"
    data-memori-id="66b4e161-2431-4b21-9b70-d8c27de730ca"
    data-memori-integration="cb3c4776-7f0b-4f97-a773-c32a5d7a3bf1"
    data-memori-name="Memori"
    data-memori-secondary-id="25ced51c-3520-41af-8bbe-222d861b8e32"
    style="height: 100vh;"
  >
    <style>
      
    memori-client, .memori-widget, .memori-drawer, .memori-modal {
      --memori-chat-bubble-bg: #fff;
--memori-text-color: #2a2a2a;
--memori-button-bg: #823ce1;
--memori-primary: #823ce1;
--memori-button-text: #ffffff;
--memori-blur-background: 5px;
--memori-inner-bg: rgba(255, 255, 255, 0.8);
--memori-inner-content-pad: 1.5rem;
--memori-nav-bg-image: none;
--memori-nav-bg: rgba(255, 255, 255, 0.8);
    }
  
    </style>
    <div
      class="memori--global-background"
    >
      <div
        class="memori--global-background-image"
        style="background-image: url(https://assets.memori.ai/api/v2/asset/364e498c-11da-42d5-9e32-19e5d137d4b8.jpeg);"
      />
    </div>
    <div
      class="memori-spin memori-chat-layout memori-spin--middle"
    >
      <div
        class="memori-spin--spinner"
      >
        <svg
          aria-hidden="true"
          class="memori-loading-icon"
          focusable="false"
          role="img"
          viewBox="0 0 1024 1024"
          xmlns="http://www.w3.org/2000/svg"
        >
          <path
            d="M988 548c-19.9 0-36-16.1-36-36 0-59.4-11.6-117-34.6-171.3a440.45 440.45 0 00-94.3-139.9 437.71 437.71 0 00-139.9-94.3C629 83.6 571.4 72 512 72c-19.9 0-36-16.1-36-36s16.1-36 36-36c69.1 0 136.2 13.5 199.3 40.3C772.3 66 827 103 874 150c47 47 83.9 101.8 109.7 162.7 26.7 63.1 40.2 130.2 40.2 199.3.1 19.9-16 36-35.9 36z"
          />
        </svg>
      </div>
    </div>
    <audio
      id="memori-audio"
      src="https://aisuru.com/intro.mp3"
      style="display: none;"
    />
  </div>
</div>
`;
