// Jest Snapshot v1, https://goo.gl/fbAQLP

exports[`DocumentCard renders unchanged snapshot 1`] = `
<div>
  <div
    class="memori-media-item--document"
  >
    <div
      class="memori-media-item--document-header"
    >
      <div
        aria-hidden="true"
        class="memori-media-item--document-icon memori-media-item--document-icon--xlsx"
      >
        XLSX
      </div>
      <div
        class="memori-media-item--document-body"
      >
        <div
          class="memori-media-item--document-title"
        >
          Spreadsheet
        </div>
        <div
          class="memori-media-item--document-meta"
        >
          256 KB
        </div>
      </div>
    </div>
  </div>
</div>
`;
