// Jest Snapshot v1, https://goo.gl/fbAQLP

exports[`renders MediaWidget as empty unchanged 1`] = `
<div>
  <div
    class="memori-media-widget"
  />
</div>
`;

exports[`renders MediaWidget with hints unchanged 1`] = `
<div>
  <div
    class="memori-media-widget"
  >
    <ul
      class="memori-media--hints"
    >
      <li>
        <button
          class="memori-button memori-button--primary memori-button--md memori-media--hint"
          tabindex="0"
          type="button"
        >
          <span
            class="memori-button__content"
          >
            All right
          </span>
        </button>
      </li>
    </ul>
  </div>
</div>
`;

exports[`renders MediaWidget with links unchanged 1`] = `
<div>
  <div
    class="memori-media-widget"
  >
    <div
      class="memori-media-items"
    >
      <div
        class="memori-media-items--grid memori-chat-scroll-item memori-media-items--agent"
      >
        <div
          class="memori-media-item"
        >
          <a
            class="memori-media-item--link memori-media-item--document-link"
            href="https://memori.ai/en"
            rel="noopener noreferrer"
            target="_blank"
            title="Memori Srl"
          >
            <div
              class="memori-media-item--document"
            >
              <div
                class="memori-media-item--document-header"
              >
                <div
                  class="memori-media-item--document-title"
                >
                  Memori Srl
                </div>
              </div>
              <span
                class="memori-media-item--document-badge"
              >
                Link
              </span>
            </div>
          </a>
        </div>
      </div>
    </div>
  </div>
</div>
`;

exports[`renders MediaWidget with media unchanged 1`] = `
<div>
  <div
    class="memori-media-widget"
  >
    <div
      class="memori-media-items"
    >
      <div
        class="memori-media-items--grid memori-chat-scroll-item memori-media-items--agent memori-media-items--single"
      >
        <div
          class="memori-media-item"
        >
          <div
            class="memori-media-item--link memori-media-item--image-link"
            role="button"
            style="cursor: pointer;"
            tabindex="0"
            title="Game Cover"
          >
            <div
              class="memori-card memori-card--elevated memori-card--interactive memori-media-item--card memori-media-item--image"
              tabindex="0"
            >
              <div
                class="memori-card__cover"
              >
                <picture
                  class="memori-media-item--figure"
                >
                  <source
                    srcset="https://api.lorem.space/image/game?w=150&h=220&hash=8B7BCDC2"
                    type="image/jpeg"
                  />
                  <img
                    alt="Game Cover"
                    src="https://api.lorem.space/image/game?w=150&h=220&hash=8B7BCDC2"
                  />
                </picture>
              </div>
              <div
                class="memori-card__body memori-card__body--padding-md"
              >
                <div
                  class="memori-spin"
                />
              </div>
            </div>
          </div>
        </div>
      </div>
    </div>
  </div>
</div>
`;
