// Jest Snapshot v1, https://goo.gl/fbAQLP

exports[`renders client 1`] = `
<div>
  <div
    id="_rht_toaster"
    style="position: fixed; z-index: 9999; top: 16px; left: 16px; right: 16px; bottom: 16px; pointer-events: none;"
  />
  <div
    style="display: flex; align-items: center; justify-content: center;"
  >
    <p
      style="text-align: center; margin: 2rem auto; text-transform: capitalize;"
    >
      loading
      ...
    </p>
  </div>
</div>
`;

exports[`renders client with all the props 1`] = `
<div>
  <div
    id="_rht_toaster"
    style="position: fixed; z-index: 9999; top: 16px; left: 16px; right: 16px; bottom: 16px; pointer-events: none;"
  />
  <div
    style="display: flex; align-items: center; justify-content: center;"
  >
    <p
      style="text-align: center; margin: 2rem auto; text-transform: capitalize;"
    >
      loading
      ...
    </p>
  </div>
</div>
`;

exports[`renders client with audio disabled 1`] = `
<div>
  <div
    id="_rht_toaster"
    style="position: fixed; z-index: 9999; top: 16px; left: 16px; right: 16px; bottom: 16px; pointer-events: none;"
  />
  <div
    style="display: flex; align-items: center; justify-content: center;"
  >
    <p
      style="text-align: center; margin: 2rem auto; text-transform: capitalize;"
    >
      loading
      ...
    </p>
  </div>
</div>
`;

exports[`renders client with whiteListedDomains on allowed domains 1`] = `
<div>
  <div
    id="_rht_toaster"
    style="position: fixed; z-index: 9999; top: 16px; left: 16px; right: 16px; bottom: 16px; pointer-events: none;"
  />
  <div
    style="display: flex; align-items: center; justify-content: center;"
  >
    <p
      style="text-align: center; margin: 2rem auto; text-transform: capitalize;"
    >
      loading
      ...
    </p>
  </div>
</div>
`;

exports[`renders client with whiteListedDomains on not allowed domains 1`] = `
<div>
  <div
    id="_rht_toaster"
    style="position: fixed; z-index: 9999; top: 16px; left: 16px; right: 16px; bottom: 16px; pointer-events: none;"
  />
  <div
    style="display: flex; align-items: center; justify-content: center;"
  >
    <p
      style="text-align: center; margin: 2rem auto; text-transform: capitalize;"
    >
      loading
      ...
    </p>
  </div>
</div>
`;
